ARM Linker, 5.03 [Build 24] [MDK-ARM Standard]

==============================================================================

Section Cross References

    main.o(i.main) refers to usart_flash.o(i.Uart_Configuration) for Uart_Configuration
    main.o(i.main) refers to sys.o(i.sys_main) for sys_main
    usart_flash.o(i.GetAddress) refers to fsmc_nand1.o(i.NAND_ReadSmallPage) for NAND_ReadSmallPage
    usart_flash.o(i.GetAddress) refers to usart_flash.o(.data) for table4
    usart_flash.o(i.ReadDate) refers to usart_flash.o(i.GetAddress) for GetAddress
    usart_flash.o(i.ReadDate) refers to fsmc_nand1.o(i.NAND_ReadSmallPage) for NAND_ReadSmallPage
    usart_flash.o(i.ReadDate) refers to usart_flash.o(.bss) for table3
    usart_flash.o(i.ReadDate) refers to usart_flash.o(.data) for NewAddress1
    usart_flash.o(i.Uart_Configuration) refers to stm32f10x_rcc.o(i.RCC_DeInit) for RCC_DeInit
    usart_flash.o(i.Uart_Configuration) refers to stm32f10x_rcc.o(i.RCC_HSEConfig) for RCC_HSEConfig
    usart_flash.o(i.Uart_Configuration) refers to stm32f10x_rcc.o(i.RCC_WaitForHSEStartUp) for RCC_WaitForHSEStartUp
    usart_flash.o(i.Uart_Configuration) refers to stm32f10x_flash.o(i.FLASH_PrefetchBufferCmd) for FLASH_PrefetchBufferCmd
    usart_flash.o(i.Uart_Configuration) refers to stm32f10x_flash.o(i.FLASH_SetLatency) for FLASH_SetLatency
    usart_flash.o(i.Uart_Configuration) refers to stm32f10x_rcc.o(i.RCC_HCLKConfig) for RCC_HCLKConfig
    usart_flash.o(i.Uart_Configuration) refers to stm32f10x_rcc.o(i.RCC_PCLK1Config) for RCC_PCLK1Config
    usart_flash.o(i.Uart_Configuration) refers to stm32f10x_rcc.o(i.RCC_PCLK2Config) for RCC_PCLK2Config
    usart_flash.o(i.Uart_Configuration) refers to stm32f10x_rcc.o(i.RCC_PLLConfig) for RCC_PLLConfig
    usart_flash.o(i.Uart_Configuration) refers to stm32f10x_rcc.o(i.RCC_PLLCmd) for RCC_PLLCmd
    usart_flash.o(i.Uart_Configuration) refers to stm32f10x_rcc.o(i.RCC_GetFlagStatus) for RCC_GetFlagStatus
    usart_flash.o(i.Uart_Configuration) refers to stm32f10x_rcc.o(i.RCC_SYSCLKConfig) for RCC_SYSCLKConfig
    usart_flash.o(i.Uart_Configuration) refers to stm32f10x_rcc.o(i.RCC_GetSYSCLKSource) for RCC_GetSYSCLKSource
    usart_flash.o(i.Uart_Configuration) refers to stm32f10x_rcc.o(i.RCC_APB2PeriphClockCmd) for RCC_APB2PeriphClockCmd
    usart_flash.o(i.Uart_Configuration) refers to misc.o(i.NVIC_SetVectorTable) for NVIC_SetVectorTable
    usart_flash.o(i.Uart_Configuration) refers to stm32f10x_rcc.o(i.RCC_AHBPeriphClockCmd) for RCC_AHBPeriphClockCmd
    usart_flash.o(i.Uart_Configuration) refers to fsmc_nand1.o(i.NAND_Init) for NAND_Init
    usart_flash.o(i.Uart_Configuration) refers to usart_flash.o(.data) for HSEStartUpStatus
    usart_flash.o(i.UpdateAddress) refers to fsmc_nand1.o(i.NAND_EraseBlock) for NAND_EraseBlock
    usart_flash.o(i.UpdateAddress) refers to fsmc_nand1.o(i.NAND_WriteSmallPage) for NAND_WriteSmallPage
    usart_flash.o(i.UpdateAddress) refers to usart_flash.o(.data) for table1
    usart_flash.o(i.WriteDate) refers to usart_flash.o(i.GetAddress) for GetAddress
    usart_flash.o(i.WriteDate) refers to usart_flash.o(i.UpdateAddress) for UpdateAddress
    usart_flash.o(i.WriteDate) refers to fsmc_nand1.o(i.NAND_EraseBlock) for NAND_EraseBlock
    usart_flash.o(i.WriteDate) refers to fsmc_nand1.o(i.NAND_WriteSmallPage) for NAND_WriteSmallPage
    usart_flash.o(i.WriteDate) refers to usart_flash.o(.bss) for table2
    usart_flash.o(i.WriteDate) refers to usart_flash.o(.data) for NewAddress2
    fsmc_nand1.o(i.NAND_EraseBlock) refers to stm32f10x_gpio.o(i.GPIO_ReadInputDataBit) for GPIO_ReadInputDataBit
    fsmc_nand1.o(i.NAND_EraseBlock) refers to fsmc_nand1.o(i.NAND_GetStatus) for NAND_GetStatus
    fsmc_nand1.o(i.NAND_GetStatus) refers to fsmc_nand1.o(i.NAND_ReadStatus) for NAND_ReadStatus
    fsmc_nand1.o(i.NAND_Init) refers to stm32f10x_rcc.o(i.RCC_APB2PeriphClockCmd) for RCC_APB2PeriphClockCmd
    fsmc_nand1.o(i.NAND_Init) refers to stm32f10x_gpio.o(i.GPIO_Init) for GPIO_Init
    fsmc_nand1.o(i.NAND_Init) refers to stm32f10x_fsmc.o(i.FSMC_NANDInit) for FSMC_NANDInit
    fsmc_nand1.o(i.NAND_Init) refers to stm32f10x_fsmc.o(i.FSMC_NANDCmd) for FSMC_NANDCmd
    fsmc_nand1.o(i.NAND_ReadSmallPage) refers to stm32f10x_gpio.o(i.GPIO_ReadInputDataBit) for GPIO_ReadInputDataBit
    fsmc_nand1.o(i.NAND_ReadSmallPage) refers to fsmc_nand1.o(i.NAND_AddressIncrement) for NAND_AddressIncrement
    fsmc_nand1.o(i.NAND_ReadSmallPage) refers to fsmc_nand1.o(i.NAND_GetStatus) for NAND_GetStatus
    fsmc_nand1.o(i.NAND_ReadSpareArea) refers to stm32f10x_gpio.o(i.GPIO_ReadInputDataBit) for GPIO_ReadInputDataBit
    fsmc_nand1.o(i.NAND_ReadSpareArea) refers to fsmc_nand1.o(i.NAND_AddressIncrement) for NAND_AddressIncrement
    fsmc_nand1.o(i.NAND_ReadSpareArea) refers to fsmc_nand1.o(i.NAND_GetStatus) for NAND_GetStatus
    fsmc_nand1.o(i.NAND_WriteSmallPage) refers to stm32f10x_gpio.o(i.GPIO_ReadInputDataBit) for GPIO_ReadInputDataBit
[...]
    lcd128.o(i.screen_disable) refers to lcd128.o(.data) for screen_pin_ss
    lcd128.o(i.screen_down) refers to lcd128.o(i.screen_enable) for screen_enable
    lcd128.o(i.screen_down) refers to lcd128.o(i.screen_spi_send) for screen_spi_send
    lcd128.o(i.screen_down) refers to lcd128.o(.data) for screen_pcmd
    lcd128.o(i.screen_down) refers to lcd128.o(.bss) for screen_head
    lcd128.o(i.screen_down_rle) refers to lcd128.o(i.screen_enable) for screen_enable
    lcd128.o(i.screen_down_rle) refers to lcd128.o(i.screen_spi_send) for screen_spi_send
    lcd128.o(i.screen_down_rle) refers to lcd128.o(.data) for screen_pcmd
    lcd128.o(i.screen_down_rle) refers to lcd128.o(.bss) for screen_head
    lcd128.o(i.screen_down_rle_noint) refers to lcd128.o(i.screen_send_noint_slow) for screen_send_noint_slow
    lcd128.o(i.screen_down_rle_noint) refers to lcd128.o(.data) for screen_pcmd
    lcd128.o(i.screen_down_rle_noint) refers to lcd128.o(.bss) for screen_head
    lcd128.o(i.screen_enable) refers to stm32f10x_gpio.o(i.GPIO_ResetBits) for GPIO_ResetBits
    lcd128.o(i.screen_enable) refers to lcd128.o(.data) for screen_pin_ss
    lcd128.o(i.screen_highspeed) refers to lcd128.o(i.screen_enable) for screen_enable
    lcd128.o(i.screen_highspeed) refers to lcd128.o(i.screen_spi_send) for screen_spi_send
    lcd128.o(i.screen_highspeed) refers to stm32f10x_spi.o(i.SPI_I2S_GetFlagStatus) for SPI_I2S_GetFlagStatus
    lcd128.o(i.screen_highspeed) refers to lcd128.o(i.screen_spi_getdata) for screen_spi_getdata
    lcd128.o(i.screen_highspeed) refers to stm32f10x_spi.o(i.SPI_I2S_SendData) for SPI_I2S_SendData
    lcd128.o(i.screen_highspeed) refers to lcd128.o(i.screen_disable) for screen_disable
    lcd128.o(i.screen_highspeed) refers to lcd128.o(.data) for screen_pcmd
    lcd128.o(i.screen_highspeed) refers to lcd128.o(.bss) for screen_head
    lcd128.o(i.screen_init) refers to lcd128.o(i.screen_init_rcc) for screen_init_rcc
    lcd128.o(i.screen_init) refers to lcd128.o(i.screen_init_gpio) for screen_init_gpio
    lcd128.o(i.screen_init) refers to lcd128.o(i.screen_init_nvic) for screen_init_nvic
    lcd128.o(i.screen_init) refers to lcd128.o(i.screen_init_spi) for screen_init_spi
    lcd128.o(i.screen_init) refers to lcd128.o(i.screen_init_reset_noint) for screen_init_reset_noint
    lcd128.o(i.screen_init_gpio) refers to stm32f10x_gpio.o(i.GPIO_Init) for GPIO_Init
    lcd128.o(i.screen_init_gpio) refers to lcd128.o(i.screen_disable) for screen_disable
    lcd128.o(i.screen_init_gpio) refers to lcd128.o(.data) for screen_pin_ss
    lcd128.o(i.screen_init_nvic) refers to misc.o(i.NVIC_Init) for NVIC_Init
    lcd128.o(i.screen_init_rcc) refers to stm32f10x_rcc.o(i.RCC_PCLK2Config) for RCC_PCLK2Config
    lcd128.o(i.screen_init_rcc) refers to stm32f10x_rcc.o(i.RCC_APB1PeriphClockCmd) for RCC_APB1PeriphClockCmd
    lcd128.o(i.screen_init_rcc) refers to stm32f10x_rcc.o(i.RCC_APB2PeriphClockCmd) for RCC_APB2PeriphClockCmd
    lcd128.o(i.screen_init_reset) refers to lcd128.o(i.screen_enable) for screen_enable
    lcd128.o(i.screen_init_reset) refers to lcd128.o(i.screen_spi_send) for screen_spi_send
    lcd128.o(i.screen_init_reset) refers to lcd128.o(.bss) for screen_head
    lcd128.o(i.screen_init_reset) refers to lcd128.o(.data) for screen_pcmd
    lcd128.o(i.screen_init_reset_noint) refers to lcd128.o(i.screen_send_noint) for screen_send_noint
    lcd128.o(i.screen_init_reset_noint) refers to lcd128.o(.bss) for screen_head
    lcd128.o(i.screen_init_reset_noint) refers to lcd128.o(.data) for screen_pcmd
    lcd128.o(i.screen_init_spi) refers to stm32f10x_spi.o(i.SPI_Init) for SPI_Init
    lcd128.o(i.screen_init_spi) refers to stm32f10x_spi.o(i.SPI_Cmd) for SPI_Cmd
    lcd128.o(i.screen_init_spi) refers to lcd128.o(.bss) for SPI_InitStructure
    lcd128.o(i.screen_key_ack) refers to lcd128.o(i.screen_enable) for screen_enable
    lcd128.o(i.screen_key_ack) refers to stm32f10x_spi.o(i.SPI_I2S_SendData) for SPI_I2S_SendData
    lcd128.o(i.screen_key_ack) refers to stm32f10x_spi.o(i.SPI_I2S_GetFlagStatus) for SPI_I2S_GetFlagStatus
    lcd128.o(i.screen_key_ack) refers to lcd128.o(i.screen_spi_getdata) for screen_spi_getdata
    lcd128.o(i.screen_key_ack) refers to lcd128.o(i.screen_disable) for screen_disable
    lcd128.o(i.screen_key_ack) refers to lcd128.o(.data) for screen_init_stat
    lcd128.o(i.screen_key_ack) refers to lcd128.o(.bss) for screen_head
    lcd128.o(i.screen_recall) refers to lcd128.o(i.screen_enable) for screen_enable
    lcd128.o(i.screen_recall) refers to lcd128.o(i.screen_spi_send) for screen_spi_send
    lcd128.o(i.screen_recall) refers to lcd128.o(.data) for screen_pcmd
    lcd128.o(i.screen_recall) refers to lcd128.o(.bss) for screen_head
    lcd128.o(i.screen_recall_h) refers to lcd128.o(i.screen_enable) for screen_enable
    lcd128.o(i.screen_recall_h) refers to lcd128.o(i.screen_spi_send) for screen_spi_send
    lcd128.o(i.screen_recall_h) refers to stm32f10x_spi.o(i.SPI_I2S_GetFlagStatus) for SPI_I2S_GetFlagStatus
    lcd128.o(i.screen_recall_h) refers to lcd128.o(i.screen_spi_getdata) for screen_spi_getdata
    lcd128.o(i.screen_recall_h) refers to lcd128.o(i.screen_disable) for screen_disable
    lcd128.o(i.screen_recall_h) refers to lcd128.o(.data) for screen_pcmd
    lcd128.o(i.screen_recall_h) refers to lcd128.o(.bss) for screen_head
    lcd128.o(i.screen_save) refers to lcd128.o(i.screen_enable) for screen_enable
    lcd128.o(i.screen_save) refers to lcd128.o(i.screen_spi_send) for screen_spi_send
    lcd128.o(i.screen_save) refers to lcd128.o(.data) for screen_pcmd
    lcd128.o(i.screen_save) refers to lcd128.o(.bss) for screen_head
    lcd128.o(i.screen_send_noint) refers to lcd128.o(i.screen_enable) for screen_enable
    lcd128.o(i.screen_send_noint) refers to stm32f10x_spi.o(i.SPI_I2S_SendData) for SPI_I2S_SendData
    lcd128.o(i.screen_send_noint) refers to stm32f10x_spi.o(i.SPI_I2S_GetFlagStatus) for SPI_I2S_GetFlagStatus
    lcd128.o(i.screen_send_noint) refers to lcd128.o(i.screen_spi_getdata) for screen_spi_getdata
    lcd128.o(i.screen_send_noint) refers to lcd128.o(i.screen_disable) for screen_disable
    lcd128.o(i.screen_send_noint) refers to lcd128.o(.data) for screen_pcmd
    lcd128.o(i.screen_send_noint_slow) refers to lcd128.o(i.screen_enable) for screen_enable
    lcd128.o(i.screen_send_noint_slow) refers to stm32f10x_spi.o(i.SPI_I2S_SendData) for SPI_I2S_SendData
    lcd128.o(i.screen_send_noint_slow) refers to stm32f10x_spi.o(i.SPI_I2S_GetFlagStatus) for SPI_I2S_GetFlagStatus
    lcd128.o(i.screen_send_noint_slow) refers to lcd128.o(i.screen_spi_getdata) for screen_spi_getdata
    lcd128.o(i.screen_send_noint_slow) refers to lcd128.o(i.screen_disable) for screen_disable
    lcd128.o(i.screen_send_noint_slow) refers to lcd128.o(.data) for screen_pcmd
    lcd128.o(i.screen_spi_getdata) refers to stm32f10x_spi.o(i.SPI_I2S_ReceiveData) for SPI_I2S_ReceiveData
    lcd128.o(i.screen_spi_isp) refers to stm32f10x_spi.o(i.SPI_I2S_ITConfig) for SPI_I2S_ITConfig
    lcd128.o(i.screen_spi_isp) refers to lcd128.o(i.screen_spi_getdata) for screen_spi_getdata
    lcd128.o(i.screen_spi_isp) refers to lcd128.o(i.screen_disable) for screen_disable
    lcd128.o(i.screen_spi_isp) refers to lcd128.o(i.screen_spi_send) for screen_spi_send
    lcd128.o(i.screen_spi_isp) refers to lcd128.o(.data) for flag_high_speed
    lcd128.o(i.screen_spi_send) refers to stm32f10x_spi.o(i.SPI_I2S_SendData) for SPI_I2S_SendData
    lcd128.o(i.screen_spi_send) refers to stm32f10x_spi.o(i.SPI_I2S_ITConfig) for SPI_I2S_ITConfig
    lcd128.o(i.screen_trans_noint) refers to lcd128.o(i.screen_enable) for screen_enable
    lcd128.o(i.screen_trans_noint) refers to stm32f10x_spi.o(i.SPI_I2S_SendData) for SPI_I2S_SendData
    lcd128.o(i.screen_trans_noint) refers to stm32f10x_spi.o(i.SPI_I2S_GetFlagStatus) for SPI_I2S_GetFlagStatus
    lcd128.o(i.screen_trans_noint) refers to lcd128.o(i.screen_spi_getdata) for screen_spi_getdata
    lcd128.o(i.screen_trans_noint) refers to lcd128.o(i.screen_disable) for screen_disable
    lcd128.o(i.screen_trans_noint) refers to lcd128.o(.data) for flag_high_speed
    lcd128.o(i.screen_update) refers to lcd128.o(i.screen_enable) for screen_enable
    lcd128.o(i.screen_update) refers to lcd128.o(i.screen_spi_send) for screen_spi_send
    lcd128.o(i.screen_update) refers to lcd128.o(.data) for screen_pcmd
    lcd128.o(i.screen_update) refers to lcd128.o(.bss) for screen_head
    lcd128.o(i.screen_update_rle) refers to lcd128.o(i.screen_enable) for screen_enable
    lcd128.o(i.screen_update_rle) refers to lcd128.o(i.screen_spi_send) for screen_spi_send
    lcd128.o(i.screen_update_rle) refers to lcd128.o(.data) for screen_pcmd
    lcd128.o(i.screen_update_rle) refers to lcd128.o(.bss) for screen_head
    lcd128.o(i.screen_update_rle_all_noint) refers to lcd128.o(i.screen_send_noint_slow) for screen_send_noint_slow
    lcd128.o(i.screen_update_rle_all_noint) refers to lcd128.o(.data) for screen_pcmd
    lcd128.o(i.screen_update_rle_all_noint) refers to lcd128.o(.bss) for screen_head
    lcd128.o(i.screen_update_rle_l) refers to lcd128.o(i.screen_enable) for screen_enable
    lcd128.o(i.screen_update_rle_l) refers to lcd128.o(i.screen_spi_send) for screen_spi_send
    lcd128.o(i.screen_update_rle_l) refers to lcd128.o(.data) for screen_pcmd
    lcd128.o(i.screen_update_rle_l) refers to lcd128.o(.bss) for screen_head
    lcd128.o(i.screen_update_rle_l_noint) refers to lcd128.o(i.screen_send_noint_slow) for screen_send_noint_slow
    lcd128.o(i.screen_update_rle_l_noint) refers to lcd128.o(.data) for screen_pcmd
    lcd128.o(i.screen_update_rle_l_noint) refers to lcd128.o(.bss) for screen_head
    lcd128.o(.data) refers to lcd128.o(.bss) for screen_cmd_data
    pic.o(.data) refers to pic.o(.constdata) for p1
    screen_uart.o(i.screen_uart_down_isp) refers to stm32f10x_usart.o(i.USART_GetITStatus) for USART_GetITStatus
    screen_uart.o(i.screen_uart_down_isp) refers to stm32f10x_usart.o(i.USART_ReceiveData) for USART_ReceiveData
    screen_uart.o(i.screen_uart_down_isp) refers to screen_uart.o(i.screen_uart_send) for screen_uart_send
    screen_uart.o(i.screen_uart_down_isp) refers to stm32f10x_usart.o(i.USART_SendData) for USART_SendData
    screen_uart.o(i.screen_uart_down_isp) refers to stm32f10x_usart.o(i.USART_ITConfig) for USART_ITConfig
    screen_uart.o(i.screen_uart_down_isp) refers to screen_uart.o(.data) for screen_uart_var
    screen_uart.o(i.screen_uart_init) refers to stm32f10x_rcc.o(i.RCC_APB2PeriphClockCmd) for RCC_APB2PeriphClockCmd
    screen_uart.o(i.screen_uart_init) refers to stm32f10x_rcc.o(i.RCC_APB1PeriphClockCmd) for RCC_APB1PeriphClockCmd
    screen_uart.o(i.screen_uart_init) refers to stm32f10x_gpio.o(i.GPIO_Init) for GPIO_Init
    screen_uart.o(i.screen_uart_init) refers to stm32f10x_usart.o(i.USART_Init) for USART_Init
    screen_uart.o(i.screen_uart_init) refers to stm32f10x_usart.o(i.USART_ITConfig) for USART_ITConfig
    screen_uart.o(i.screen_uart_init) refers to stm32f10x_usart.o(i.USART_Cmd) for USART_Cmd
    screen_uart.o(i.screen_uart_init) refers to misc.o(i.NVIC_PriorityGroupConfig) for NVIC_PriorityGroupConfig
    screen_uart.o(i.screen_uart_init) refers to misc.o(i.NVIC_Init) for NVIC_Init
    screen_uart.o(i.screen_uart_init) refers to screen_uart.o(.bss) for USART_InitStructure
    screen_uart.o(i.screen_uart_init) refers to screen_uart.o(.data) for screen_uart_var
    screen_uart.o(i.screen_uart_send) refers to stm32f10x_usart.o(i.USART_SendData) for USART_SendData
    screen_uart.o(i.screen_uart_send) refers to stm32f10x_usart.o(i.USART_ITConfig) for USART_ITConfig
    screen_uart.o(i.screen_uart_send) refers to screen_uart.o(.data) for screen_uart_var
    screen_uart.o(i.screen_uart_up_isp) refers to stm32f10x_usart.o(i.USART_GetITStatus) for USART_GetITStatus
    screen_uart.o(i.screen_uart_up_isp) refers to stm32f10x_usart.o(i.USART_GetFlagStatus) for USART_GetFlagStatus
    screen_uart.o(i.screen_uart_up_isp) refers to stm32f10x_usart.o(i.USART_ClearFlag) for USART_ClearFlag
    screen_uart.o(i.screen_uart_up_isp) refers to stm32f10x_usart.o(i.USART_ReceiveData) for USART_ReceiveData
    screen_uart.o(i.screen_uart_up_isp) refers to screen_uart.o(i.screen_uart_send) for screen_uart_send
    screen_uart.o(i.screen_uart_up_isp) refers to stm32f10x_usart.o(i.USART_SendData) for USART_SendData
    screen_uart.o(i.screen_uart_up_isp) refers to stm32f10x_usart.o(i.USART_ITConfig) for USART_ITConfig
    screen_uart.o(i.screen_uart_up_isp) refers to screen_uart.o(.data) for screen_uart_var
    screen_uart.o(i.screen_uart_up_isp) refers to sys.o(.data) for flag_down
    screen_uart.o(i.screen_uart_up_isp) refers to screen_uart.o(.bss) for file_data
    sys.o(i.RCC_Configuration) refers to stm32f10x_rcc.o(i.RCC_DeInit) for RCC_DeInit
    sys.o(i.RCC_Configuration) refers to stm32f10x_rcc.o(i.RCC_HSEConfig) for RCC_HSEConfig
    sys.o(i.RCC_Configuration) refers to stm32f10x_rcc.o(i.RCC_WaitForHSEStartUp) for RCC_WaitForHSEStartUp
    sys.o(i.RCC_Configuration) refers to stm32f10x_flash.o(i.FLASH_PrefetchBufferCmd) for FLASH_PrefetchBufferCmd
    sys.o(i.RCC_Configuration) refers to stm32f10x_flash.o(i.FLASH_SetLatency) for FLASH_SetLatency
    sys.o(i.RCC_Configuration) refers to stm32f10x_rcc.o(i.RCC_HCLKConfig) for RCC_HCLKConfig
    sys.o(i.RCC_Configuration) refers to stm32f10x_rcc.o(i.RCC_PCLK2Config) for RCC_PCLK2Config
    sys.o(i.RCC_Configuration) refers to stm32f10x_rcc.o(i.RCC_PCLK1Config) for RCC_PCLK1Config
    sys.o(i.RCC_Configuration) refers to stm32f10x_rcc.o(i.RCC_PLLConfig) for RCC_PLLConfig
    sys.o(i.RCC_Configuration) refers to stm32f10x_rcc.o(i.RCC_PLLCmd) for RCC_PLLCmd
    sys.o(i.RCC_Configuration) refers to stm32f10x_rcc.o(i.RCC_GetFlagStatus) for RCC_GetFlagStatus
    sys.o(i.RCC_Configuration) refers to stm32f10x_rcc.o(i.RCC_SYSCLKConfig) for RCC_SYSCLKConfig
    sys.o(i.RCC_Configuration) refers to stm32f10x_rcc.o(i.RCC_GetSYSCLKSource) for RCC_GetSYSCLKSource
    sys.o(i.delay_Tms) refers to sys.o(i.delay_Tns) for delay_Tns
    sys.o(i.delay_ms) refers to sys.o(i.delay_Tns) for delay_Tns
    sys.o(i.pic_disp) refers to lcd128.o(i.screen_recall) for screen_recall
    sys.o(i.pic_disp) refers to usart_flash.o(i.ReadDate) for ReadDate
    sys.o(i.pic_disp) refers to lcd128.o(i.screen_update_rle) for screen_update_rle
    sys.o(i.pic_disp) refers to sys.o(.data) for ini_num
    sys.o(i.pic_disp) refers to lcd128.o(.bss) for flash_pic
    sys.o(i.sys_main) refers to sys.o(i.delay_Tms) for delay_Tms
    sys.o(i.sys_main) refers to lcd128.o(i.screen_init) for screen_init
    sys.o(i.sys_main) refers to usart_flash.o(i.ReadDate) for ReadDate
    sys.o(i.sys_main) refers to lcd128.o(i.screen_call) for screen_call
    sys.o(i.sys_main) refers to lcd128.o(i.screen_update_rle_l_noint) for screen_update_rle_l_noint
    sys.o(i.sys_main) refers to lcd128.o(i.screen_down_rle_noint) for screen_down_rle_noint
    sys.o(i.sys_main) refers to sys.o(i.delay_Tns) for delay_Tns
    sys.o(i.sys_main) refers to lcd128.o(i.screen_recall) for screen_recall
    sys.o(i.sys_main) refers to lcd128.o(i.screen_save) for screen_save
    sys.o(i.sys_main) refers to usart_flash.o(i.WriteDate) for WriteDate
    sys.o(i.sys_main) refers to sys.o(i.delay_ms) for delay_ms
    sys.o(i.sys_main) refers to screen_uart.o(i.screen_uart_init) for screen_uart_init
    sys.o(i.sys_main) refers to lcd128.o(i.screen_key_ack) for screen_key_ack
    sys.o(i.sys_main) refers to screen_uart.o(i.screen_uart_send) for screen_uart_send
    sys.o(i.sys_main) refers to sys.o(i.pic_disp) for pic_disp
    sys.o(i.sys_main) refers to lcd128.o(i.screen_update_rle) for screen_update_rle
    sys.o(i.sys_main) refers to lcd128.o(.bss) for flash_pic
    sys.o(i.sys_main) refers to sys.o(.data) for ini_num
    sys.o(i.sys_main) refers to loading.o(.constdata) for loading
    sys.o(i.sys_main) refers to whitepic.o(.constdata) for whitepic
    sys.o(i.sys_main) refers to lcd128.o(.data) for flag_pass_once
    sys.o(i.sys_main) refers to screen_uart.o(.data) for flag_cmd
    sys.o(i.sys_main) refers to screen_uart.o(.bss) for file_data
    sys.o(i.sys_main) refers to lcd128.o(i.screen_backlight) for screen_backlight
    stm32f10x_it.o(i.SPI2_IRQHandler) refers to lcd128.o(i.screen_spi_isp) for screen_spi_isp
    stm32f10x_it.o(i.USART1_IRQHandler) refers to screen_uart.o(i.screen_uart_up_isp) for screen_uart_up_isp
    stm32f10x_it.o(i.USART2_IRQHandler) refers to screen_uart.o(i.screen_uart_down_isp) for screen_uart_down_isp
    entry.o(.ARM.Collect$$$$00000000) refers (Special) to entry10a.o(.ARM.Collect$$$$0000000D) for __rt_final_cpp
    entry.o(.ARM.Collect$$$$00000000) refers (Special) to entry11a.o(.ARM.Collect$$$$0000000F) for __rt_final_exit
    entry.o(.ARM.Collect$$$$00000000) refers (Special) to entry7b.o(.ARM.Collect$$$$00000008) for _main_clock
    entry.o(.ARM.Collect$$$$00000000) refers (Special) to entry8b.o(.ARM.Collect$$$$0000000A) for _main_cpp_init
    entry.o(.ARM.Collect$$$$00000000) refers (Special) to entry9a.o(.ARM.Collect$$$$0000000B) for _main_init
    entry.o(.ARM.Collect$$$$00000000) refers (Special) to entry5.o(.ARM.Collect$$$$00000004) for _main_scatterload
    entry.o(.ARM.Collect$$$$00000000) refers (Special) to entry2.o(.ARM.Collect$$$$00000001) for _main_stk
    entry2.o(.ARM.Collect$$$$00000001) refers to entry2.o(.ARM.Collect$$$$00002712) for __lit__00000000
    entry2.o(.ARM.Collect$$$$00002712) refers to startup_stm32f10x_xl.o(STACK) for __initial_sp
    entry2.o(__vectab_stack_and_reset_area) refers to startup_stm32f10x_xl.o(STACK) for __initial_sp
    entry2.o(__vectab_stack_and_reset_area) refers to entry.o(.ARM.Collect$$$$00000000) for __main
    entry5.o(.ARM.Collect$$$$00000004) refers to init.o(.text) for __scatterload
    entry9a.o(.ARM.Collect$$$$0000000B) refers to main.o(i.main) for main
    entry9b.o(.ARM.Collect$$$$0000000C) refers to main.o(i.main) for main
    init.o(.text) refers to entry5.o(.ARM.Collect$$$$00000004) for __main_after_scatterload


==============================================================================

Removing Unused input sections from the image.

    Removing main.o(i.Fill_Buffer), (24 bytes).
    Removing main.o(.bss), (16 bytes).
    Removing main.o(.data), (30 bytes).
    Removing fsmc_nand1.o(i.NAND_ReadID), (44 bytes).
    Removing fsmc_nand1.o(i.NAND_ReadSpareArea), (168 bytes).
    Removing fsmc_nand1.o(i.NAND_Reset), (16 bytes).
    Removing fsmc_nand1.o(i.NAND_WriteSpareArea), (188 bytes).
    Removing stm32f10x_rcc.o(i.RCC_ADCCLKConfig), (24 bytes).
    Removing stm32f10x_rcc.o(i.RCC_APB1PeriphResetCmd), (32 bytes).
    Removing stm32f10x_rcc.o(i.RCC_APB2PeriphResetCmd), (32 bytes).
    Removing stm32f10x_rcc.o(i.RCC_AdjustHSICalibrationValue), (24 bytes).
    Removing stm32f10x_rcc.o(i.RCC_BackupResetCmd), (12 bytes).
    Removing stm32f10x_rcc.o(i.RCC_ClearFlag), (20 bytes).
    Removing stm32f10x_rcc.o(i.RCC_ClearITPendingBit), (12 bytes).
    Removing stm32f10x_rcc.o(i.RCC_ClockSecuritySystemCmd), (12 bytes).
    Removing stm32f10x_rcc.o(i.RCC_GetITStatus), (24 bytes).
    Removing stm32f10x_rcc.o(i.RCC_HSICmd), (12 bytes).
    Removing stm32f10x_rcc.o(i.RCC_ITConfig), (32 bytes).
    Removing stm32f10x_rcc.o(i.RCC_LSEConfig), (52 bytes).
    Removing stm32f10x_rcc.o(i.RCC_LSICmd), (12 bytes).
    Removing stm32f10x_rcc.o(i.RCC_MCOConfig), (12 bytes).
    Removing stm32f10x_rcc.o(i.RCC_RTCCLKCmd), (12 bytes).
    Removing stm32f10x_rcc.o(i.RCC_RTCCLKConfig), (16 bytes).
    Removing stm32f10x_rcc.o(i.RCC_USBCLKConfig), (12 bytes).
    Removing stm32f10x_gpio.o(i.GPIO_AFIODeInit), (20 bytes).
    Removing stm32f10x_gpio.o(i.GPIO_DeInit), (200 bytes).
    Removing stm32f10x_gpio.o(i.GPIO_ETH_MediaInterfaceConfig), (12 bytes).
    Removing stm32f10x_gpio.o(i.GPIO_EXTILineConfig), (64 bytes).
    Removing stm32f10x_gpio.o(i.GPIO_EventOutputCmd), (12 bytes).
    Removing stm32f10x_gpio.o(i.GPIO_EventOutputConfig), (32 bytes).
    Removing stm32f10x_gpio.o(i.GPIO_PinLockConfig), (18 bytes).
    Removing stm32f10x_gpio.o(i.GPIO_PinRemapConfig), (144 bytes).
    Removing stm32f10x_gpio.o(i.GPIO_ReadInputData), (8 bytes).
    Removing stm32f10x_gpio.o(i.GPIO_ReadOutputData), (8 bytes).
    Removing stm32f10x_gpio.o(i.GPIO_ReadOutputDataBit), (18 bytes).
    Removing stm32f10x_gpio.o(i.GPIO_StructInit), (16 bytes).
    Removing stm32f10x_gpio.o(i.GPIO_Write), (4 bytes).
    Removing stm32f10x_gpio.o(i.GPIO_WriteBit), (10 bytes).
    Removing misc.o(i.NVIC_SystemLPConfig), (32 bytes).
    Removing misc.o(i.SysTick_CLKSourceConfig), (40 bytes).
    Removing stm32f10x_exti.o(i.EXTI_ClearFlag), (12 bytes).
    Removing stm32f10x_exti.o(i.EXTI_ClearITPendingBit), (12 bytes).
    Removing stm32f10x_exti.o(i.EXTI_DeInit), (36 bytes).
    Removing stm32f10x_exti.o(i.EXTI_GenerateSWInterrupt), (16 bytes).
    Removing stm32f10x_exti.o(i.EXTI_GetFlagStatus), (24 bytes).
    Removing stm32f10x_exti.o(i.EXTI_GetITStatus), (40 bytes).
    Removing stm32f10x_exti.o(i.EXTI_Init), (148 bytes).
    Removing stm32f10x_exti.o(i.EXTI_StructInit), (16 bytes).
    Removing stm32f10x_spi.o(i.I2S_Cmd), (24 bytes).
    Removing stm32f10x_spi.o(i.I2S_Init), (232 bytes).
    Removing stm32f10x_spi.o(i.I2S_StructInit), (20 bytes).
    Removing stm32f10x_spi.o(i.SPI_BiDirectionalLineConfig), (28 bytes).
    Removing stm32f10x_spi.o(i.SPI_CalculateCRC), (24 bytes).
    Removing stm32f10x_spi.o(i.SPI_DataSizeConfig), (18 bytes).
    Removing stm32f10x_spi.o(i.SPI_GetCRC), (16 bytes).
    Removing stm32f10x_spi.o(i.SPI_GetCRCPolynomial), (6 bytes).
    Removing stm32f10x_spi.o(i.SPI_I2S_ClearFlag), (6 bytes).
    Removing stm32f10x_spi.o(i.SPI_I2S_ClearITPendingBit), (20 bytes).
    Removing stm32f10x_spi.o(i.SPI_I2S_DMACmd), (18 bytes).
    Removing stm32f10x_spi.o(i.SPI_I2S_DeInit), (88 bytes).
    Removing stm32f10x_spi.o(i.SPI_I2S_GetITStatus), (52 bytes).
    Removing stm32f10x_spi.o(i.SPI_NSSInternalSoftwareConfig), (30 bytes).
    Removing stm32f10x_spi.o(i.SPI_SSOutputCmd), (24 bytes).
    Removing stm32f10x_spi.o(i.SPI_StructInit), (24 bytes).
    Removing stm32f10x_spi.o(i.SPI_TransmitCRC), (10 bytes).
    Removing stm32f10x_fsmc.o(i.FSMC_ClearFlag), (72 bytes).
    Removing stm32f10x_fsmc.o(i.FSMC_ClearITPendingBit), (72 bytes).
    Removing stm32f10x_fsmc.o(i.FSMC_GetECC), (28 bytes).
    Removing stm32f10x_fsmc.o(i.FSMC_GetFlagStatus), (56 bytes).
    Removing stm32f10x_fsmc.o(i.FSMC_GetITStatus), (68 bytes).
    Removing stm32f10x_fsmc.o(i.FSMC_ITConfig), (136 bytes).
    Removing stm32f10x_fsmc.o(i.FSMC_NANDDeInit), (72 bytes).
    Removing stm32f10x_fsmc.o(i.FSMC_NANDECCCmd), (92 bytes).
    Removing stm32f10x_fsmc.o(i.FSMC_NANDStructInit), (54 bytes).
    Removing stm32f10x_fsmc.o(i.FSMC_NORSRAMCmd), (52 bytes).
    Removing stm32f10x_fsmc.o(i.FSMC_NORSRAMDeInit), (56 bytes).
    Removing stm32f10x_fsmc.o(i.FSMC_NORSRAMInit), (220 bytes).
    Removing stm32f10x_fsmc.o(i.FSMC_NORSRAMStructInit), (112 bytes).
    Removing stm32f10x_fsmc.o(i.FSMC_PCCARDCmd), (48 bytes).
    Removing stm32f10x_fsmc.o(i.FSMC_PCCARDDeInit), (48 bytes).
    Removing stm32f10x_fsmc.o(i.FSMC_PCCARDInit), (136 bytes).
    Removing stm32f10x_fsmc.o(i.FSMC_PCCARDStructInit), (60 bytes).
    Removing stm32f10x_usart.o(i.USART_ClearITPendingBit), (30 bytes).
    Removing stm32f10x_usart.o(i.USART_ClockInit), (34 bytes).
    Removing stm32f10x_usart.o(i.USART_ClockStructInit), (12 bytes).
    Removing stm32f10x_usart.o(i.USART_DMACmd), (18 bytes).
    Removing stm32f10x_usart.o(i.USART_DeInit), (156 bytes).
    Removing stm32f10x_usart.o(i.USART_HalfDuplexCmd), (24 bytes).
    Removing stm32f10x_usart.o(i.USART_IrDACmd), (24 bytes).
    Removing stm32f10x_usart.o(i.USART_IrDAConfig), (18 bytes).
    Removing stm32f10x_usart.o(i.USART_LINBreakDetectLengthConfig), (18 bytes).
    Removing stm32f10x_usart.o(i.USART_LINCmd), (24 bytes).
    Removing stm32f10x_usart.o(i.USART_OneBitMethodCmd), (24 bytes).
    Removing stm32f10x_usart.o(i.USART_OverSampling8Cmd), (22 bytes).
    Removing stm32f10x_usart.o(i.USART_ReceiverWakeUpCmd), (24 bytes).
    Removing stm32f10x_usart.o(i.USART_SendBreak), (10 bytes).
    Removing stm32f10x_usart.o(i.USART_SetAddress), (18 bytes).
    Removing stm32f10x_usart.o(i.USART_SetGuardTime), (16 bytes).
    Removing stm32f10x_usart.o(i.USART_SetPrescaler), (16 bytes).
    Removing stm32f10x_usart.o(i.USART_SmartCardCmd), (24 bytes).
    Removing stm32f10x_usart.o(i.USART_SmartCardNACKCmd), (24 bytes).
    Removing stm32f10x_usart.o(i.USART_StructInit), (24 bytes).
    Removing stm32f10x_usart.o(i.USART_WakeUpConfig), (18 bytes).
    Removing stm32f10x_sdio.o(i.SDIO_CEATAITCmd), (16 bytes).
    Removing stm32f10x_sdio.o(i.SDIO_ClearFlag), (12 bytes).
    Removing stm32f10x_sdio.o(i.SDIO_ClearITPendingBit), (12 bytes).
    Removing stm32f10x_sdio.o(i.SDIO_ClockCmd), (12 bytes).
    Removing stm32f10x_sdio.o(i.SDIO_CmdStructInit), (14 bytes).
    Removing stm32f10x_sdio.o(i.SDIO_CommandCompletionCmd), (12 bytes).
    Removing stm32f10x_sdio.o(i.SDIO_DMACmd), (12 bytes).
    Removing stm32f10x_sdio.o(i.SDIO_DataConfig), (48 bytes).
    Removing stm32f10x_sdio.o(i.SDIO_DataStructInit), (20 bytes).
    Removing stm32f10x_sdio.o(i.SDIO_DeInit), (36 bytes).
    Removing stm32f10x_sdio.o(i.SDIO_GetCommandResponse), (12 bytes).
    Removing stm32f10x_sdio.o(i.SDIO_GetDataCounter), (12 bytes).
    Removing stm32f10x_sdio.o(i.SDIO_GetFIFOCount), (12 bytes).
    Removing stm32f10x_sdio.o(i.SDIO_GetFlagStatus), (24 bytes).
    Removing stm32f10x_sdio.o(i.SDIO_GetITStatus), (24 bytes).
    Removing stm32f10x_sdio.o(i.SDIO_GetPowerState), (16 bytes).
    Removing stm32f10x_sdio.o(i.SDIO_GetResponse), (24 bytes).
    Removing stm32f10x_sdio.o(i.SDIO_ITConfig), (32 bytes).
    Removing stm32f10x_sdio.o(i.SDIO_Init), (48 bytes).
    Removing stm32f10x_sdio.o(i.SDIO_ReadData), (12 bytes).
    Removing stm32f10x_sdio.o(i.SDIO_SendCEATACmd), (12 bytes).
    Removing stm32f10x_sdio.o(i.SDIO_SendCommand), (44 bytes).
    Removing stm32f10x_sdio.o(i.SDIO_SendSDIOSuspendCmd), (12 bytes).
    Removing stm32f10x_sdio.o(i.SDIO_SetPowerState), (28 bytes).
    Removing stm32f10x_sdio.o(i.SDIO_SetSDIOOperation), (12 bytes).
    Removing stm32f10x_sdio.o(i.SDIO_SetSDIOReadWaitMode), (12 bytes).
    Removing stm32f10x_sdio.o(i.SDIO_StartSDIOReadWait), (12 bytes).
    Removing stm32f10x_sdio.o(i.SDIO_StopSDIOReadWait), (12 bytes).
    Removing stm32f10x_sdio.o(i.SDIO_StructInit), (16 bytes).
    Removing stm32f10x_sdio.o(i.SDIO_WriteData), (12 bytes).
    Removing stm32f10x_dma.o(i.DMA_ClearFlag), (28 bytes).
    Removing stm32f10x_dma.o(i.DMA_ClearITPendingBit), (28 bytes).
    Removing stm32f10x_dma.o(i.DMA_Cmd), (22 bytes).
    Removing stm32f10x_dma.o(i.DMA_DeInit), (332 bytes).
    Removing stm32f10x_dma.o(i.DMA_GetCurrDataCounter), (8 bytes).
    Removing stm32f10x_dma.o(i.DMA_GetFlagStatus), (44 bytes).
    Removing stm32f10x_dma.o(i.DMA_GetITStatus), (44 bytes).
    Removing stm32f10x_dma.o(i.DMA_ITConfig), (18 bytes).
    Removing stm32f10x_dma.o(i.DMA_Init), (60 bytes).
    Removing stm32f10x_dma.o(i.DMA_StructInit), (26 bytes).
    Removing stm32f10x_i2c.o(i.I2C_ARPCmd), (24 bytes).
    Removing stm32f10x_i2c.o(i.I2C_AcknowledgeConfig), (24 bytes).
    Removing stm32f10x_i2c.o(i.I2C_CalculatePEC), (24 bytes).
    Removing stm32f10x_i2c.o(i.I2C_CheckEvent), (42 bytes).
    Removing stm32f10x_i2c.o(i.I2C_ClearFlag), (12 bytes).
    Removing stm32f10x_i2c.o(i.I2C_ClearITPendingBit), (12 bytes).
    Removing stm32f10x_i2c.o(i.I2C_Cmd), (24 bytes).
    Removing stm32f10x_i2c.o(i.I2C_DMACmd), (24 bytes).
    Removing stm32f10x_i2c.o(i.I2C_DMALastTransferCmd), (24 bytes).
    Removing stm32f10x_i2c.o(i.I2C_DeInit), (56 bytes).
    Removing stm32f10x_i2c.o(i.I2C_DualAddressCmd), (24 bytes).
    Removing stm32f10x_i2c.o(i.I2C_FastModeDutyCycleConfig), (28 bytes).
    Removing stm32f10x_i2c.o(i.I2C_GeneralCallCmd), (24 bytes).
    Removing stm32f10x_i2c.o(i.I2C_GenerateSTART), (24 bytes).
    Removing stm32f10x_i2c.o(i.I2C_GenerateSTOP), (24 bytes).
    Removing stm32f10x_i2c.o(i.I2C_GetFlagStatus), (58 bytes).
    Removing stm32f10x_i2c.o(i.I2C_GetITStatus), (38 bytes).
    Removing stm32f10x_i2c.o(i.I2C_GetLastEvent), (26 bytes).
    Removing stm32f10x_i2c.o(i.I2C_GetPEC), (8 bytes).
    Removing stm32f10x_i2c.o(i.I2C_ITConfig), (18 bytes).
    Removing stm32f10x_i2c.o(i.I2C_Init), (236 bytes).
    Removing stm32f10x_i2c.o(i.I2C_OwnAddress2Config), (22 bytes).
    Removing stm32f10x_i2c.o(i.I2C_PECPositionConfig), (28 bytes).
    Removing stm32f10x_i2c.o(i.I2C_ReadRegister), (22 bytes).
    Removing stm32f10x_i2c.o(i.I2C_ReceiveData), (8 bytes).
    Removing stm32f10x_i2c.o(i.I2C_SMBusAlertConfig), (28 bytes).
    Removing stm32f10x_i2c.o(i.I2C_Send7bitAddress), (18 bytes).
    Removing stm32f10x_i2c.o(i.I2C_SendData), (4 bytes).
    Removing stm32f10x_i2c.o(i.I2C_SoftwareResetCmd), (22 bytes).
    Removing stm32f10x_i2c.o(i.I2C_StretchClockCmd), (24 bytes).
    Removing stm32f10x_i2c.o(i.I2C_StructInit), (30 bytes).
    Removing stm32f10x_i2c.o(i.I2C_TransmitPEC), (24 bytes).
    Removing stm32f10x_flash.o(i.FLASH_BootConfig), (120 bytes).
    Removing stm32f10x_flash.o(i.FLASH_ClearFlag), (24 bytes).
    Removing stm32f10x_flash.o(i.FLASH_EnableWriteProtection), (196 bytes).
    Removing stm32f10x_flash.o(i.FLASH_EraseAllBank1Pages), (76 bytes).
    Removing stm32f10x_flash.o(i.FLASH_EraseAllBank2Pages), (76 bytes).
    Removing stm32f10x_flash.o(i.FLASH_EraseAllPages), (132 bytes).
    Removing stm32f10x_flash.o(i.FLASH_EraseOptionBytes), (168 bytes).
    Removing stm32f10x_flash.o(i.FLASH_ErasePage), (160 bytes).
    Removing stm32f10x_flash.o(i.FLASH_GetBank1Status), (52 bytes).
    Removing stm32f10x_flash.o(i.FLASH_GetBank2Status), (52 bytes).
    Removing stm32f10x_flash.o(i.FLASH_GetFlagStatus), (68 bytes).
    Removing stm32f10x_flash.o(i.FLASH_GetPrefetchBufferStatus), (24 bytes).
    Removing stm32f10x_flash.o(i.FLASH_GetReadOutProtectionStatus), (24 bytes).
    Removing stm32f10x_flash.o(i.FLASH_GetStatus), (52 bytes).
    Removing stm32f10x_flash.o(i.FLASH_GetUserOptionByte), (12 bytes).
    Removing stm32f10x_flash.o(i.FLASH_GetWriteProtectionOptionByte), (12 bytes).
    Removing stm32f10x_flash.o(i.FLASH_HalfCycleAccessCmd), (28 bytes).
    Removing stm32f10x_flash.o(i.FLASH_ITConfig), (72 bytes).
    Removing stm32f10x_flash.o(i.FLASH_Lock), (28 bytes).
    Removing stm32f10x_flash.o(i.FLASH_LockBank1), (20 bytes).
    Removing stm32f10x_flash.o(i.FLASH_LockBank2), (20 bytes).
    Removing stm32f10x_flash.o(i.FLASH_ProgramHalfWord), (124 bytes).
    Removing stm32f10x_flash.o(i.FLASH_ProgramOptionByteData), (84 bytes).
    Removing stm32f10x_flash.o(i.FLASH_ProgramWord), (388 bytes).
    Removing stm32f10x_flash.o(i.FLASH_ReadOutProtection), (172 bytes).
    Removing stm32f10x_flash.o(i.FLASH_Unlock), (32 bytes).
    Removing stm32f10x_flash.o(i.FLASH_UnlockBank1), (24 bytes).
    Removing stm32f10x_flash.o(i.FLASH_UnlockBank2), (24 bytes).
    Removing stm32f10x_flash.o(i.FLASH_UserOptionByteConfig), (104 bytes).
    Removing stm32f10x_flash.o(i.FLASH_WaitForLastBank1Operation), (38 bytes).
    Removing stm32f10x_flash.o(i.FLASH_WaitForLastBank2Operation), (38 bytes).
    Removing stm32f10x_flash.o(i.FLASH_WaitForLastOperation), (38 bytes).
    Removing core_cm3.o(.emb_text), (32 bytes).
    Removing system_stm32f10x.o(i.SystemCoreClockUpdate), (164 bytes).
    Removing system_stm32f10x.o(.data), (20 bytes).
    Removing stm32_eval.o(i.LM75_LowLevel_DeInit), (84 bytes).
    Removing stm32_eval.o(i.LM75_LowLevel_Init), (84 bytes).
    Removing stm32_eval.o(i.SD_LowLevel_DMA_RxConfig), (100 bytes).
    Removing stm32_eval.o(i.SD_LowLevel_DMA_TxConfig), (100 bytes).
    Removing stm32_eval.o(i.SD_LowLevel_DeInit), (76 bytes).
    Removing stm32_eval.o(i.SD_LowLevel_Init), (104 bytes).
    Removing stm32_eval.o(i.SD_WaitForDMAEndOfTransfer), (20 bytes).
    Removing stm32_eval.o(i.STM_EVAL_COMInit), (180 bytes).
    Removing stm32_eval.o(i.STM_EVAL_LEDInit), (64 bytes).
    Removing stm32_eval.o(i.STM_EVAL_LEDOff), (24 bytes).
    Removing stm32_eval.o(i.STM_EVAL_LEDOn), (24 bytes).
    Removing stm32_eval.o(i.STM_EVAL_LEDToggle), (36 bytes).
    Removing stm32_eval.o(i.STM_EVAL_PBGetState), (32 bytes).
    Removing stm32_eval.o(i.STM_EVAL_PBInit), (176 bytes).
    Removing stm32_eval.o(i.sFLASH_LowLevel_DeInit), (104 bytes).
    Removing stm32_eval.o(i.sFLASH_LowLevel_Init), (104 bytes).
    Removing stm32_eval.o(.constdata), (168 bytes).
    Removing stm32_eval.o(.data), (72 bytes).
    Removing startup_stm32f10x_xl.o(HEAP), (512 bytes).
    Removing arrowdown.o(.constdata), (1970 bytes).
    Removing arrowleft.o(.constdata), (1852 bytes).
    Removing arrowright.o(.constdata), (2006 bytes).
    Removing arrowup.o(.constdata), (1976 bytes).
    Removing lcd128.o(i.screen_down), (172 bytes).
    Removing lcd128.o(i.screen_down_rle), (248 bytes).
    Removing lcd128.o(i.screen_highspeed), (364 bytes).
    Removing lcd128.o(i.screen_init_reset), (780 bytes).
    Removing lcd128.o(i.screen_recall_h), (228 bytes).
    Removing lcd128.o(i.screen_trans_noint), (260 bytes).
    Removing lcd128.o(i.screen_update), (168 bytes).
    Removing lcd128.o(i.screen_update_rle_all_noint), (196 bytes).
    Removing lcd128.o(i.screen_update_rle_l), (192 bytes).
    Removing lcd128.o(.constdata), (8 bytes).
    Removing loading2.o(.constdata), (1142 bytes).
    Removing pic.o(.constdata), (37948 bytes).
    Removing pic.o(.data), (440 bytes).
    Removing sys.o(i.RCC_Configuration), (100 bytes).
    Removing sys.o(i.delay), (26 bytes).
    Removing sys.o(i.write), (2 bytes).

249 unused section(s) (total 61416 bytes) removed from the image.

==============================================================================

Image Symbol Table

    Local Symbols

    Symbol Name                              Value     Ov Type        Size  Object(Section)

    ../clib/../cmprslib/zerorunl2.c          0x00000000   Number         0  __dczerorl2.o ABSOLUTE
    ../clib/microlib/init/entry.s            0x00000000   Number         0  entry9b.o ABSOLUTE
    ../clib/microlib/init/entry.s            0x00000000   Number         0  entry11b.o ABSOLUTE
    ../clib/microlib/init/entry.s            0x00000000   Number         0  entry11a.o ABSOLUTE
    ../clib/microlib/init/entry.s            0x00000000   Number         0  entry10a.o ABSOLUTE
    ../clib/microlib/init/entry.s            0x00000000   Number         0  entry10b.o ABSOLUTE
    ../clib/microlib/init/entry.s            0x00000000   Number         0  entry.o ABSOLUTE
    ../clib/microlib/init/entry.s            0x00000000   Number         0  entry2.o ABSOLUTE
    ../clib/microlib/init/entry.s            0x00000000   Number         0  entry5.o ABSOLUTE
    ../clib/microlib/init/entry.s            0x00000000   Number         0  entry7a.o ABSOLUTE
    ../clib/microlib/init/entry.s            0x00000000   Number         0  entry7b.o ABSOLUTE
    ../clib/microlib/init/entry.s            0x00000000   Number         0  entry8a.o ABSOLUTE
    ../clib/microlib/init/entry.s            0x00000000   Number         0  entry8b.o ABSOLUTE
    ../clib/microlib/init/entry.s            0x00000000   Number         0  entry9a.o ABSOLUTE
    ..\..\..\Libraries\CMSIS\CM3\CoreSupport\core_cm3.c 0x00000000   Number         0  core_cm3.o ABSOLUTE
    ..\..\..\Libraries\CMSIS\CM3\DeviceSupport\ST\STM32F10x\startup\arm\startup_stm32f10x_xl.s 0x00000000   Number         0  startup_stm32f10x_xl.o ABSOLUTE
    ..\..\..\Libraries\CMSIS\CM3\DeviceSupport\ST\STM32F10x\system_stm32f10x.c 0x00000000   Number         0  system_stm32f10x.o ABSOLUTE
    ..\..\..\Libraries\STM32F10x_StdPeriph_Driver\src\misc.c 0x00000000   Number         0  misc.o ABSOLUTE
    ..\..\..\Libraries\STM32F10x_StdPeriph_Driver\src\stm32f10x_dma.c 0x00000000   Number         0  stm32f10x_dma.o ABSOLUTE
    ..\..\..\Libraries\STM32F10x_StdPeriph_Driver\src\stm32f10x_exti.c 0x00000000   Number         0  stm32f10x_exti.o ABSOLUTE
    ..\..\..\Libraries\STM32F10x_StdPeriph_Driver\src\stm32f10x_flash.c 0x00000000   Number         0  stm32f10x_flash.o ABSOLUTE
    ..\..\..\Libraries\STM32F10x_StdPeriph_Driver\src\stm32f10x_fsmc.c 0x00000000   Number         0  stm32f10x_fsmc.o ABSOLUTE
    ..\..\..\Libraries\STM32F10x_StdPeriph_Driver\src\stm32f10x_gpio.c 0x00000000   Number         0  stm32f10x_gpio.o ABSOLUTE
    ..\..\..\Libraries\STM32F10x_StdPeriph_Driver\src\stm32f10x_i2c.c 0x00000000   Number         0  stm32f10x_i2c.o ABSOLUTE
    ..\..\..\Libraries\STM32F10x_StdPeriph_Driver\src\stm32f10x_rcc.c 0x00000000   Number         0  stm32f10x_rcc.o ABSOLUTE
    ..\..\..\Libraries\STM32F10x_StdPeriph_Driver\src\stm32f10x_sdio.c 0x00000000   Number         0  stm32f10x_sdio.o ABSOLUTE
    ..\..\..\Libraries\STM32F10x_StdPeriph_Driver\src\stm32f10x_spi.c 0x00000000   Number         0  stm32f10x_spi.o ABSOLUTE
    ..\..\..\Libraries\STM32F10x_StdPeriph_Driver\src\stm32f10x_usart.c 0x00000000   Number         0  stm32f10x_usart.o ABSOLUTE
    ..\..\..\Utilities\STM32_EVAL\stm32_eval.c 0x00000000   Number         0  stm32_eval.o ABSOLUTE
    ..\\..\\..\\Libraries\\CMSIS\\CM3\\CoreSupport\\core_cm3.c 0x00000000   Number         0  core_cm3.o ABSOLUTE
    ..\c\arrowdown.c                         0x00000000   Number         0  arrowdown.o ABSOLUTE
    ..\c\arrowleft.c                         0x00000000   Number         0  arrowleft.o ABSOLUTE
    ..\c\arrowright.c                        0x00000000   Number         0  arrowright.o ABSOLUTE
    ..\c\arrowup.c                           0x00000000   Number         0  arrowup.o ABSOLUTE
    ..\c\lcd128.c                            0x00000000   Number         0  lcd128.o ABSOLUTE
    ..\c\loading.c                           0x00000000   Number         0  loading.o ABSOLUTE
    ..\c\loading2.c                          0x00000000   Number         0  loading2.o ABSOLUTE
    ..\c\pic.c                               0x00000000   Number         0  pic.o ABSOLUTE
    ..\c\screen_uart.c                       0x00000000   Number         0  screen_uart.o ABSOLUTE
    ..\c\stm32f10x_it.c                      0x00000000   Number         0  stm32f10x_it.o ABSOLUTE
    ..\c\sys.c                               0x00000000   Number         0  sys.o ABSOLUTE
    ..\c\whitepic.c                          0x00000000   Number         0  whitepic.o ABSOLUTE
    ..\fsmc_nand1.c                          0x00000000   Number         0  fsmc_nand1.o ABSOLUTE
    ..\main.c                                0x00000000   Number         0  main.o ABSOLUTE
    ..\usart_flash.c                         0x00000000   Number         0  usart_flash.o ABSOLUTE
    dc.s                                     0x00000000   Number         0  dc.o ABSOLUTE
    handlers.s                               0x00000000   Number         0  handlers.o ABSOLUTE
    init.s                                   0x00000000   Number         0  init.o ABSOLUTE
    RESET                                    0x08000000   Section      304  startup_stm32f10x_xl.o(RESET)
    .ARM.Collect$$$$00000000                 0x08000130   Section        0  entry.o(.ARM.Collect$$$$00000000)
    .ARM.Collect$$$$00000001                 0x08000130   Section        4  entry2.o(.ARM.Collect$$$$00000001)
    .ARM.Collect$$$$00000004                 0x08000134   Section        4  entry5.o(.ARM.Collect$$$$00000004)
    .ARM.Collect$$$$00000008                 0x08000138   Section        0  entry7b.o(.ARM.Collect$$$$00000008)
    .ARM.Collect$$$$0000000A                 0x08000138   Section        0  entry8b.o(.ARM.Collect$$$$0000000A)
    .ARM.Collect$$$$0000000B                 0x08000138   Section        8  entry9a.o(.ARM.Collect$$$$0000000B)
    .ARM.Collect$$$$0000000D                 0x08000140   Section        0  entry10a.o(.ARM.Collect$$$$0000000D)
    .ARM.Collect$$$$0000000F                 0x08000140   Section        0  entry11a.o(.ARM.Collect$$$$0000000F)
    .ARM.Collect$$$$00002712                 0x08000140   Section        4  entry2.o(.ARM.Collect$$$$00002712)
    __lit__00000000                          0x08000140   Data           4  entry2.o(.ARM.Collect$$$$00002712)
    .text                                    0x08000144   Section       36  startup_stm32f10x_xl.o(.text)
    .text                                    0x08000168   Section       36  init.o(.text)
    .text                                    0x0800018c   Section        0  __dczerorl2.o(.text)
    i.BusFault_Handler                       0x080001e8   Section        0  stm32f10x_it.o(i.BusFault_Handler)
    i.DebugMon_Handler                       0x080001ec   Section        0  stm32f10x_it.o(i.DebugMon_Handler)
    i.FLASH_PrefetchBufferCmd                0x080001f0   Section        0  stm32f10x_flash.o(i.FLASH_PrefetchBufferCmd)
    i.FLASH_SetLatency                       0x0800020c   Section        0  stm32f10x_flash.o(i.FLASH_SetLatency)
    i.FSMC_NANDCmd                           0x08000224   Section        0  stm32f10x_fsmc.o(i.FSMC_NANDCmd)
    i.FSMC_NANDInit                          0x08000280   Section        0  stm32f10x_fsmc.o(i.FSMC_NANDInit)
    i.GPIO_Init                              0x0800030c   Section        0  stm32f10x_gpio.o(i.GPIO_Init)
    i.GPIO_ReadInputDataBit                  0x0800041e   Section        0  stm32f10x_gpio.o(i.GPIO_ReadInputDataBit)
    i.GPIO_ResetBits                         0x08000430   Section        0  stm32f10x_gpio.o(i.GPIO_ResetBits)
    i.GPIO_SetBits                           0x08000434   Section        0  stm32f10x_gpio.o(i.GPIO_SetBits)
    i.GetAddress                             0x08000438   Section        0  usart_flash.o(i.GetAddress)
    i.HardFault_Handler                      0x08000470   Section        0  stm32f10x_it.o(i.HardFault_Handler)
    i.MemManage_Handler                      0x08000474   Section        0  stm32f10x_it.o(i.MemManage_Handler)
    i.NAND_AddressIncrement                  0x08000478   Section        0  fsmc_nand1.o(i.NAND_AddressIncrement)
    i.NAND_EraseBlock                        0x080004b0   Section        0  fsmc_nand1.o(i.NAND_EraseBlock)
    i.NAND_GetStatus                         0x08000510   Section        0  fsmc_nand1.o(i.NAND_GetStatus)
    i.NAND_Init                              0x0800053c   Section        0  fsmc_nand1.o(i.NAND_Init)
    i.NAND_ReadSmallPage                     0x080005f0   Section        0  fsmc_nand1.o(i.NAND_ReadSmallPage)
    i.NAND_ReadStatus                        0x08000698   Section        0  fsmc_nand1.o(i.NAND_ReadStatus)
    i.NAND_WriteSmallPage                    0x080006c4   Section        0  fsmc_nand1.o(i.NAND_WriteSmallPage)
    i.NMI_Handler                            0x08000780   Section        0  stm32f10x_it.o(i.NMI_Handler)
    i.NVIC_Init                              0x08000784   Section        0  misc.o(i.NVIC_Init)
    i.NVIC_PriorityGroupConfig               0x080007f8   Section        0  misc.o(i.NVIC_PriorityGroupConfig)
    i.NVIC_SetVectorTable                    0x0800080c   Section        0  misc.o(i.NVIC_SetVectorTable)
    i.PendSV_Handler                         0x08000820   Section        0  stm32f10x_it.o(i.PendSV_Handler)
    i.RCC_AHBPeriphClockCmd                  0x08000824   Section        0  stm32f10x_rcc.o(i.RCC_AHBPeriphClockCmd)
    i.RCC_APB1PeriphClockCmd                 0x08000844   Section        0  stm32f10x_rcc.o(i.RCC_APB1PeriphClockCmd)
    i.RCC_APB2PeriphClockCmd                 0x08000864   Section        0  stm32f10x_rcc.o(i.RCC_APB2PeriphClockCmd)
    i.RCC_DeInit                             0x08000884   Section        0  stm32f10x_rcc.o(i.RCC_DeInit)
    i.RCC_GetClocksFreq                      0x080008d0   Section        0  stm32f10x_rcc.o(i.RCC_GetClocksFreq)
    i.RCC_GetFlagStatus                      0x080009a4   Section        0  stm32f10x_rcc.o(i.RCC_GetFlagStatus)
    i.RCC_GetSYSCLKSource                    0x080009e0   Section        0  stm32f10x_rcc.o(i.RCC_GetSYSCLKSource)
    i.RCC_HCLKConfig                         0x080009f0   Section        0  stm32f10x_rcc.o(i.RCC_HCLKConfig)
    i.RCC_HSEConfig                          0x08000a08   Section        0  stm32f10x_rcc.o(i.RCC_HSEConfig)
    i.RCC_PCLK1Config                        0x08000a54   Section        0  stm32f10x_rcc.o(i.RCC_PCLK1Config)
    i.RCC_PCLK2Config                        0x08000a6c   Section        0  stm32f10x_rcc.o(i.RCC_PCLK2Config)
    i.RCC_PLLCmd                             0x08000a84   Section        0  stm32f10x_rcc.o(i.RCC_PLLCmd)
    i.RCC_PLLConfig                          0x08000a90   Section        0  stm32f10x_rcc.o(i.RCC_PLLConfig)
    i.RCC_SYSCLKConfig                       0x08000aac   Section        0  stm32f10x_rcc.o(i.RCC_SYSCLKConfig)
    i.RCC_WaitForHSEStartUp                  0x08000ac4   Section        0  stm32f10x_rcc.o(i.RCC_WaitForHSEStartUp)
    i.ReadDate                               0x08000afc   Section        0  usart_flash.o(i.ReadDate)
    i.SPI2_IRQHandler                        0x08000b60   Section        0  stm32f10x_it.o(i.SPI2_IRQHandler)
    i.SPI_Cmd                                0x08000b68   Section        0  stm32f10x_spi.o(i.SPI_Cmd)
    i.SPI_I2S_GetFlagStatus                  0x08000b80   Section        0  stm32f10x_spi.o(i.SPI_I2S_GetFlagStatus)
    i.SPI_I2S_ITConfig                       0x08000b92   Section        0  stm32f10x_spi.o(i.SPI_I2S_ITConfig)
    i.SPI_I2S_ReceiveData                    0x08000bb2   Section        0  stm32f10x_spi.o(i.SPI_I2S_ReceiveData)
    i.SPI_I2S_SendData                       0x08000bb8   Section        0  stm32f10x_spi.o(i.SPI_I2S_SendData)
    i.SPI_Init                               0x08000bbc   Section        0  stm32f10x_spi.o(i.SPI_Init)
    i.SVC_Handler                            0x08000bf8   Section        0  stm32f10x_it.o(i.SVC_Handler)
    i.SetSysClock                            0x08000bfa   Section        0  system_stm32f10x.o(i.SetSysClock)
    SetSysClock                              0x08000bfb   Thumb Code     8  system_stm32f10x.o(i.SetSysClock)
    i.SetSysClockTo72                        0x08000c04   Section        0  system_stm32f10x.o(i.SetSysClockTo72)
    SetSysClockTo72                          0x08000c05   Thumb Code   212  system_stm32f10x.o(i.SetSysClockTo72)
    i.SysTick_Handler                        0x08000ce0   Section        0  stm32f10x_it.o(i.SysTick_Handler)
    i.SystemInit                             0x08000ce4   Section        0  system_stm32f10x.o(i.SystemInit)
    i.USART1_IRQHandler                      0x08000d38   Section        0  stm32f10x_it.o(i.USART1_IRQHandler)
    i.USART2_IRQHandler                      0x08000d40   Section        0  stm32f10x_it.o(i.USART2_IRQHandler)
    i.USART_ClearFlag                        0x08000d48   Section        0  stm32f10x_usart.o(i.USART_ClearFlag)
    i.USART_Cmd                              0x08000d5a   Section        0  stm32f10x_usart.o(i.USART_Cmd)
    i.USART_GetFlagStatus                    0x08000d72   Section        0  stm32f10x_usart.o(i.USART_GetFlagStatus)
    i.USART_GetITStatus                      0x08000d8c   Section        0  stm32f10x_usart.o(i.USART_GetITStatus)
    i.USART_ITConfig                         0x08000de0   Section        0  stm32f10x_usart.o(i.USART_ITConfig)
    i.USART_Init                             0x08000e2c   Section        0  stm32f10x_usart.o(i.USART_Init)
    i.USART_ReceiveData                      0x08000f04   Section        0  stm32f10x_usart.o(i.USART_ReceiveData)
    i.USART_SendData                         0x08000f0e   Section        0  stm32f10x_usart.o(i.USART_SendData)
    i.Uart_Configuration                     0x08000f18   Section        0  usart_flash.o(i.Uart_Configuration)
    i.UpdateAddress                          0x08000fa8   Section        0  usart_flash.o(i.UpdateAddress)
    i.UsageFault_Handler                     0x0800102c   Section        0  stm32f10x_it.o(i.UsageFault_Handler)
    i.WriteDate                              0x08001030   Section        0  usart_flash.o(i.WriteDate)
    i.__scatterload_copy                     0x08001138   Section       14  handlers.o(i.__scatterload_copy)
    i.__scatterload_null                     0x08001146   Section        2  handlers.o(i.__scatterload_null)
    i.__scatterload_zeroinit                 0x08001148   Section       14  handlers.o(i.__scatterload_zeroinit)
    i.delay_Tms                              0x08001156   Section        0  sys.o(i.delay_Tms)
    i.delay_Tns                              0x08001168   Section        0  sys.o(i.delay_Tns)
    i.delay_ms                               0x08001178   Section        0  sys.o(i.delay_ms)
    i.main                                   0x0800118c   Section        0  main.o(i.main)
    i.pic_disp                               0x080011bc   Section        0  sys.o(i.pic_disp)
    i.screen_backlight                       0x08001200   Section        0  lcd128.o(i.screen_backlight)
    i.screen_call                            0x080012d0   Section        0  lcd128.o(i.screen_call)
    i.screen_disable                         0x08001374   Section        0  lcd128.o(i.screen_disable)
    i.screen_down_rle_noint                  0x08001398   Section        0  lcd128.o(i.screen_down_rle_noint)
    i.screen_enable                          0x08001450   Section        0  lcd128.o(i.screen_enable)
    i.screen_init                            0x08001474   Section        0  lcd128.o(i.screen_init)
    i.screen_init_gpio                       0x0800148c   Section        0  lcd128.o(i.screen_init_gpio)
    i.screen_init_nvic                       0x08001500   Section        0  lcd128.o(i.screen_init_nvic)
    i.screen_init_rcc                        0x08001522   Section        0  lcd128.o(i.screen_init_rcc)
    i.screen_init_reset_noint                0x08001548   Section        0  lcd128.o(i.screen_init_reset_noint)
    i.screen_init_spi                        0x080016c4   Section        0  lcd128.o(i.screen_init_spi)
    i.screen_key_ack                         0x08001708   Section        0  lcd128.o(i.screen_key_ack)
    i.screen_recall                          0x08001890   Section        0  lcd128.o(i.screen_recall)
    i.screen_save                            0x08001940   Section        0  lcd128.o(i.screen_save)
    i.screen_send_noint                      0x080019e4   Section        0  lcd128.o(i.screen_send_noint)
    i.screen_send_noint_slow                 0x08001bdc   Section        0  lcd128.o(i.screen_send_noint_slow)
    i.screen_spi_getdata                     0x08001df4   Section        0  lcd128.o(i.screen_spi_getdata)
    i.screen_spi_isp                         0x08001e04   Section        0  lcd128.o(i.screen_spi_isp)
    i.screen_spi_send                        0x08001f78   Section        0  lcd128.o(i.screen_spi_send)
    i.screen_uart_down_isp                   0x08001f94   Section        0  screen_uart.o(i.screen_uart_down_isp)
    i.screen_uart_init                       0x08002038   Section        0  screen_uart.o(i.screen_uart_init)
    i.screen_uart_send                       0x08002144   Section        0  screen_uart.o(i.screen_uart_send)
    i.screen_uart_up_isp                     0x08002248   Section        0  screen_uart.o(i.screen_uart_up_isp)
    i.screen_update_rle                      0x08002494   Section        0  lcd128.o(i.screen_update_rle)
    i.screen_update_rle_l_noint              0x08002550   Section        0  lcd128.o(i.screen_update_rle_l_noint)
    i.sys_main                               0x08002618   Section        0  sys.o(i.sys_main)
    .constdata                               0x08002c18   Section      758  loading.o(.constdata)
    .constdata                               0x08002f0e   Section      522  whitepic.o(.constdata)
    .data                                    0x20000000   Section       39  usart_flash.o(.data)
    .data                                    0x20000027   Section       20  stm32f10x_rcc.o(.data)
    APBAHBPrescTable                         0x20000027   Data          16  stm32f10x_rcc.o(.data)
    ADCPrescTable                            0x20000037   Data           4  stm32f10x_rcc.o(.data)
    .data                                    0x2000003c   Section       87  lcd128.o(.data)
    time_out                                 0x20000072   Data           2  lcd128.o(.data)
    .data                                    0x20000094   Section     8050  screen_uart.o(.data)
    .data                                    0x20002006   Section       16  sys.o(.data)
    j                                        0x20002006   Data           2  sys.o(.data)
    .bss                                     0x20002018   Section    16384  usart_flash.o(.bss)
    table2                                   0x20002018   Data        2048  usart_flash.o(.bss)
    table3                                   0x20002818   Data        2048  usart_flash.o(.bss)
    TxDate                                   0x20003018   Data        6144  usart_flash.o(.bss)
    RxDate                                   0x20004818   Data        6144  usart_flash.o(.bss)
    .bss                                     0x20006018   Section     8298  lcd128.o(.bss)
    SPI_InitStructure                        0x20008070   Data          18  lcd128.o(.bss)
    .bss                                     0x20008084   Section     8208  screen_uart.o(.bss)
    USART_InitStructure                      0x2000a084   Data          16  screen_uart.o(.bss)
    STACK                                    0x2000a098   Section     1024  startup_stm32f10x_xl.o(STACK)

    Global Symbols

    Symbol Name                              Value     Ov Type        Size  Object(Section)

    BuildAttributes$$THM_ISAv4$P$D$K$B$S$PE$A:L22UL41UL21$X:L11$S22US41US21$IEEE1$IW$USESV6$~STKCKD$USESV7$~SHL$OSPACE$EBA8$MICROLIB$REQ8$PRES8$EABIv2 0x00000000   Number         0  anon$$obj.o ABSOLUTE
    __ARM_use_no_argv                        0x00000000   Number         0  main.o ABSOLUTE
    __cpp_initialize__aeabi_                  - Undefined Weak Reference
    __cxa_finalize                            - Undefined Weak Reference
    _clock_init                               - Undefined Weak Reference
    _microlib_exit                            - Undefined Weak Reference
    __Vectors_Size                           0x00000130   Number         0  startup_stm32f10x_xl.o ABSOLUTE
    __Vectors                                0x08000000   Data           4  startup_stm32f10x_xl.o(RESET)
    __Vectors_End                            0x08000130   Data           0  startup_stm32f10x_xl.o(RESET)
    __main                                   0x08000131   Thumb Code     0  entry.o(.ARM.Collect$$$$00000000)
    _main_stk                                0x08000131   Thumb Code     0  entry2.o(.ARM.Collect$$$$00000001)
    _main_scatterload                        0x08000135   Thumb Code     0  entry5.o(.ARM.Collect$$$$00000004)
    __main_after_scatterload                 0x08000139   Thumb Code     0  entry5.o(.ARM.Collect$$$$00000004)
    _main_clock                              0x08000139   Thumb Code     0  entry7b.o(.ARM.Collect$$$$00000008)
    _main_cpp_init                           0x08000139   Thumb Code     0  entry8b.o(.ARM.Collect$$$$0000000A)
    _main_init                               0x08000139   Thumb Code     0  entry9a.o(.ARM.Collect$$$$0000000B)
    __rt_final_cpp                           0x08000141   Thumb Code     0  entry10a.o(.ARM.Collect$$$$0000000D)
    __rt_final_exit                          0x08000141   Thumb Code     0  entry11a.o(.ARM.Collect$$$$0000000F)
    Reset_Handler                            0x08000145   Thumb Code     8  startup_stm32f10x_xl.o(.text)
    ADC1_2_IRQHandler                        0x0800015f   Thumb Code     0  startup_stm32f10x_xl.o(.text)
    ADC3_IRQHandler                          0x0800015f   Thumb Code     0  startup_stm32f10x_xl.o(.text)
    CAN1_RX1_IRQHandler                      0x0800015f   Thumb Code     0  startup_stm32f10x_xl.o(.text)
    CAN1_SCE_IRQHandler                      0x0800015f   Thumb Code     0  startup_stm32f10x_xl.o(.text)
    DMA1_Channel1_IRQHandler                 0x0800015f   Thumb Code     0  startup_stm32f10x_xl.o(.text)
    DMA1_Channel2_IRQHandler                 0x0800015f   Thumb Code     0  startup_stm32f10x_xl.o(.text)
    DMA1_Channel3_IRQHandler                 0x0800015f   Thumb Code     0  startup_stm32f10x_xl.o(.text)
    DMA1_Channel4_IRQHandler                 0x0800015f   Thumb Code     0  startup_stm32f10x_xl.o(.text)
    DMA1_Channel5_IRQHandler                 0x0800015f   Thumb Code     0  startup_stm32f10x_xl.o(.text)
    DMA1_Channel6_IRQHandler                 0x0800015f   Thumb Code     0  startup_stm32f10x_xl.o(.text)
    DMA1_Channel7_IRQHandler                 0x0800015f   Thumb Code     0  startup_stm32f10x_xl.o(.text)
    DMA2_Channel1_IRQHandler                 0x0800015f   Thumb Code     0  startup_stm32f10x_xl.o(.text)
    DMA2_Channel2_IRQHandler                 0x0800015f   Thumb Code     0  startup_stm32f10x_xl.o(.text)
    DMA2_Channel3_IRQHandler                 0x0800015f   Thumb Code     0  startup_stm32f10x_xl.o(.text)
    DMA2_Channel4_5_IRQHandler               0x0800015f   Thumb Code     0  startup_stm32f10x_xl.o(.text)
    EXTI0_IRQHandler                         0x0800015f   Thumb Code     0  startup_stm32f10x_xl.o(.text)
    EXTI15_10_IRQHandler                     0x0800015f   Thumb Code     0  startup_stm32f10x_xl.o(.text)
    EXTI1_IRQHandler                         0x0800015f   Thumb Code     0  startup_stm32f10x_xl.o(.text)
    EXTI2_IRQHandler                         0x0800015f   Thumb Code     0  startup_stm32f10x_xl.o(.text)
    EXTI3_IRQHandler                         0x0800015f   Thumb Code     0  startup_stm32f10x_xl.o(.text)
    EXTI4_IRQHandler                         0x0800015f   Thumb Code     0  startup_stm32f10x_xl.o(.text)
    EXTI9_5_IRQHandler                       0x0800015f   Thumb Code     0  startup_stm32f10x_xl.o(.text)
    FLASH_IRQHandler                         0x0800015f   Thumb Code     0  startup_stm32f10x_xl.o(.text)
    FSMC_IRQHandler                          0x0800015f   Thumb Code     0  startup_stm32f10x_xl.o(.text)
    I2C1_ER_IRQHandler                       0x0800015f   Thumb Code     0  startup_stm32f10x_xl.o(.text)
    I2C1_EV_IRQHandler                       0x0800015f   Thumb Code     0  startup_stm32f10x_xl.o(.text)
    I2C2_ER_IRQHandler                       0x0800015f   Thumb Code     0  startup_stm32f10x_xl.o(.text)
    I2C2_EV_IRQHandler                       0x0800015f   Thumb Code     0  startup_stm32f10x_xl.o(.text)
    PVD_IRQHandler                           0x0800015f   Thumb Code     0  startup_stm32f10x_xl.o(.text)
    RCC_IRQHandler                           0x0800015f   Thumb Code     0  startup_stm32f10x_xl.o(.text)
    RTCAlarm_IRQHandler                      0x0800015f   Thumb Code     0  startup_stm32f10x_xl.o(.text)
    RTC_IRQHandler                           0x0800015f   Thumb Code     0  startup_stm32f10x_xl.o(.text)
    SDIO_IRQHandler                          0x0800015f   Thumb Code     0  startup_stm32f10x_xl.o(.text)
    SPI1_IRQHandler                          0x0800015f   Thumb Code     0  startup_stm32f10x_xl.o(.text)
    SPI3_IRQHandler                          0x0800015f   Thumb Code     0  startup_stm32f10x_xl.o(.text)
    TAMPER_IRQHandler                        0x0800015f   Thumb Code     0  startup_stm32f10x_xl.o(.text)
    TIM1_BRK_TIM9_IRQHandler                 0x0800015f   Thumb Code     0  startup_stm32f10x_xl.o(.text)
    TIM1_CC_IRQHandler                       0x0800015f   Thumb Code     0  startup_stm32f10x_xl.o(.text)
    TIM1_TRG_COM_TIM11_IRQHandler            0x0800015f   Thumb Code     0  startup_stm32f10x_xl.o(.text)
    TIM1_UP_TIM10_IRQHandler                 0x0800015f   Thumb Code     0  startup_stm32f10x_xl.o(.text)
    TIM2_IRQHandler                          0x0800015f   Thumb Code     0  startup_stm32f10x_xl.o(.text)
    TIM3_IRQHandler                          0x0800015f   Thumb Code     0  startup_stm32f10x_xl.o(.text)
    TIM4_IRQHandler                          0x0800015f   Thumb Code     0  startup_stm32f10x_xl.o(.text)
    TIM5_IRQHandler                          0x0800015f   Thumb Code     0  startup_stm32f10x_xl.o(.text)
    TIM6_IRQHandler                          0x0800015f   Thumb Code     0  startup_stm32f10x_xl.o(.text)
    TIM7_IRQHandler                          0x0800015f   Thumb Code     0  startup_stm32f10x_xl.o(.text)
    TIM8_BRK_TIM12_IRQHandler                0x0800015f   Thumb Code     0  startup_stm32f10x_xl.o(.text)
    TIM8_CC_IRQHandler                       0x0800015f   Thumb Code     0  startup_stm32f10x_xl.o(.text)
    TIM8_TRG_COM_TIM14_IRQHandler            0x0800015f   Thumb Code     0  startup_stm32f10x_xl.o(.text)
    TIM8_UP_TIM13_IRQHandler                 0x0800015f   Thumb Code     0  startup_stm32f10x_xl.o(.text)
    UART4_IRQHandler                         0x0800015f   Thumb Code     0  startup_stm32f10x_xl.o(.text)
    UART5_IRQHandler                         0x0800015f   Thumb Code     0  startup_stm32f10x_xl.o(.text)
    USART3_IRQHandler                        0x0800015f   Thumb Code     0  startup_stm32f10x_xl.o(.text)
    USBWakeUp_IRQHandler                     0x0800015f   Thumb Code     0  startup_stm32f10x_xl.o(.text)
    USB_HP_CAN1_TX_IRQHandler                0x0800015f   Thumb Code     0  startup_stm32f10x_xl.o(.text)
    USB_LP_CAN1_RX0_IRQHandler               0x0800015f   Thumb Code     0  startup_stm32f10x_xl.o(.text)
    WWDG_IRQHandler                          0x0800015f   Thumb Code     0  startup_stm32f10x_xl.o(.text)
    __scatterload                            0x08000169   Thumb Code    28  init.o(.text)
    __scatterload_rt2                        0x08000169   Thumb Code     0  init.o(.text)
    __decompress                             0x0800018d   Thumb Code     0  __dczerorl2.o(.text)
    __decompress1                            0x0800018d   Thumb Code    92  __dczerorl2.o(.text)
    BusFault_Handler                         0x080001e9   Thumb Code     4  stm32f10x_it.o(i.BusFault_Handler)
    DebugMon_Handler                         0x080001ed   Thumb Code     2  stm32f10x_it.o(i.DebugMon_Handler)
    FLASH_PrefetchBufferCmd                  0x080001f1   Thumb Code    22  stm32f10x_flash.o(i.FLASH_PrefetchBufferCmd)
    FLASH_SetLatency                         0x0800020d   Thumb Code    18  stm32f10x_flash.o(i.FLASH_SetLatency)
    FSMC_NANDCmd                             0x08000225   Thumb Code    84  stm32f10x_fsmc.o(i.FSMC_NANDCmd)
    FSMC_NANDInit                            0x08000281   Thumb Code   130  stm32f10x_fsmc.o(i.FSMC_NANDInit)
    GPIO_Init                                0x0800030d   Thumb Code   274  stm32f10x_gpio.o(i.GPIO_Init)
    GPIO_ReadInputDataBit                    0x0800041f   Thumb Code    18  stm32f10x_gpio.o(i.GPIO_ReadInputDataBit)
    GPIO_ResetBits                           0x08000431   Thumb Code     4  stm32f10x_gpio.o(i.GPIO_ResetBits)
    GPIO_SetBits                             0x08000435   Thumb Code     4  stm32f10x_gpio.o(i.GPIO_SetBits)
    GetAddress                               0x08000439   Thumb Code    52  usart_flash.o(i.GetAddress)
    HardFault_Handler                        0x08000471   Thumb Code     4  stm32f10x_it.o(i.HardFault_Handler)
    MemManage_Handler                        0x08000475   Thumb Code     4  stm32f10x_it.o(i.MemManage_Handler)
    NAND_AddressIncrement                    0x08000479   Thumb Code    56  fsmc_nand1.o(i.NAND_AddressIncrement)
    NAND_EraseBlock                          0x080004b1   Thumb Code    84  fsmc_nand1.o(i.NAND_EraseBlock)
    NAND_GetStatus                           0x08000511   Thumb Code    42  fsmc_nand1.o(i.NAND_GetStatus)
    NAND_Init                                0x0800053d   Thumb Code   168  fsmc_nand1.o(i.NAND_Init)
    NAND_ReadSmallPage                       0x080005f1   Thumb Code   156  fsmc_nand1.o(i.NAND_ReadSmallPage)
    NAND_ReadStatus                          0x08000699   Thumb Code    40  fsmc_nand1.o(i.NAND_ReadStatus)
    NAND_WriteSmallPage                      0x080006c5   Thumb Code   174  fsmc_nand1.o(i.NAND_WriteSmallPage)
    NMI_Handler                              0x08000781   Thumb Code     2  stm32f10x_it.o(i.NMI_Handler)
    NVIC_Init                                0x08000785   Thumb Code   102  misc.o(i.NVIC_Init)
    NVIC_PriorityGroupConfig                 0x080007f9   Thumb Code    10  misc.o(i.NVIC_PriorityGroupConfig)
    NVIC_SetVectorTable                      0x0800080d   Thumb Code    12  misc.o(i.NVIC_SetVectorTable)
    PendSV_Handler                           0x08000821   Thumb Code     2  stm32f10x_it.o(i.PendSV_Handler)
    RCC_AHBPeriphClockCmd                    0x08000825   Thumb Code    26  stm32f10x_rcc.o(i.RCC_AHBPeriphClockCmd)
    RCC_APB1PeriphClockCmd                   0x08000845   Thumb Code    26  stm32f10x_rcc.o(i.RCC_APB1PeriphClockCmd)
    RCC_APB2PeriphClockCmd                   0x08000865   Thumb Code    26  stm32f10x_rcc.o(i.RCC_APB2PeriphClockCmd)
    RCC_DeInit                               0x08000885   Thumb Code    64  stm32f10x_rcc.o(i.RCC_DeInit)
    RCC_GetClocksFreq                        0x080008d1   Thumb Code   192  stm32f10x_rcc.o(i.RCC_GetClocksFreq)
    RCC_GetFlagStatus                        0x080009a5   Thumb Code    56  stm32f10x_rcc.o(i.RCC_GetFlagStatus)
    RCC_GetSYSCLKSource                      0x080009e1   Thumb Code    10  stm32f10x_rcc.o(i.RCC_GetSYSCLKSource)
    RCC_HCLKConfig                           0x080009f1   Thumb Code    18  stm32f10x_rcc.o(i.RCC_HCLKConfig)
    RCC_HSEConfig                            0x08000a09   Thumb Code    70  stm32f10x_rcc.o(i.RCC_HSEConfig)
    RCC_PCLK1Config                          0x08000a55   Thumb Code    18  stm32f10x_rcc.o(i.RCC_PCLK1Config)
    RCC_PCLK2Config                          0x08000a6d   Thumb Code    20  stm32f10x_rcc.o(i.RCC_PCLK2Config)
    RCC_PLLCmd                               0x08000a85   Thumb Code     6  stm32f10x_rcc.o(i.RCC_PLLCmd)
    RCC_PLLConfig                            0x08000a91   Thumb Code    24  stm32f10x_rcc.o(i.RCC_PLLConfig)
    RCC_SYSCLKConfig                         0x08000aad   Thumb Code    18  stm32f10x_rcc.o(i.RCC_SYSCLKConfig)
    RCC_WaitForHSEStartUp                    0x08000ac5   Thumb Code    56  stm32f10x_rcc.o(i.RCC_WaitForHSEStartUp)
    ReadDate                                 0x08000afd   Thumb Code    92  usart_flash.o(i.ReadDate)
    SPI2_IRQHandler                          0x08000b61   Thumb Code     8  stm32f10x_it.o(i.SPI2_IRQHandler)
    SPI_Cmd                                  0x08000b69   Thumb Code    24  stm32f10x_spi.o(i.SPI_Cmd)
    SPI_I2S_GetFlagStatus                    0x08000b81   Thumb Code    18  stm32f10x_spi.o(i.SPI_I2S_GetFlagStatus)
    SPI_I2S_ITConfig                         0x08000b93   Thumb Code    32  stm32f10x_spi.o(i.SPI_I2S_ITConfig)
    SPI_I2S_ReceiveData                      0x08000bb3   Thumb Code     6  stm32f10x_spi.o(i.SPI_I2S_ReceiveData)
    SPI_I2S_SendData                         0x08000bb9   Thumb Code     4  stm32f10x_spi.o(i.SPI_I2S_SendData)
    SPI_Init                                 0x08000bbd   Thumb Code    60  stm32f10x_spi.o(i.SPI_Init)
    SVC_Handler                              0x08000bf9   Thumb Code     2  stm32f10x_it.o(i.SVC_Handler)
    SysTick_Handler                          0x08000ce1   Thumb Code     2  stm32f10x_it.o(i.SysTick_Handler)
    SystemInit                               0x08000ce5   Thumb Code    70  system_stm32f10x.o(i.SystemInit)
    USART1_IRQHandler                        0x08000d39   Thumb Code     8  stm32f10x_it.o(i.USART1_IRQHandler)
    USART2_IRQHandler                        0x08000d41   Thumb Code     8  stm32f10x_it.o(i.USART2_IRQHandler)
    USART_ClearFlag                          0x08000d49   Thumb Code    18  stm32f10x_usart.o(i.USART_ClearFlag)
    USART_Cmd                                0x08000d5b   Thumb Code    24  stm32f10x_usart.o(i.USART_Cmd)
    USART_GetFlagStatus                      0x08000d73   Thumb Code    26  stm32f10x_usart.o(i.USART_GetFlagStatus)
    USART_GetITStatus                        0x08000d8d   Thumb Code    84  stm32f10x_usart.o(i.USART_GetITStatus)
    USART_ITConfig                           0x08000de1   Thumb Code    74  stm32f10x_usart.o(i.USART_ITConfig)
    USART_Init                               0x08000e2d   Thumb Code   210  stm32f10x_usart.o(i.USART_Init)
    USART_ReceiveData                        0x08000f05   Thumb Code    10  stm32f10x_usart.o(i.USART_ReceiveData)
    USART_SendData                           0x08000f0f   Thumb Code     8  stm32f10x_usart.o(i.USART_SendData)
    Uart_Configuration                       0x08000f19   Thumb Code   140  usart_flash.o(i.Uart_Configuration)
    UpdateAddress                            0x08000fa9   Thumb Code   124  usart_flash.o(i.UpdateAddress)
    UsageFault_Handler                       0x0800102d   Thumb Code     4  stm32f10x_it.o(i.UsageFault_Handler)
    WriteDate                                0x08001031   Thumb Code   256  usart_flash.o(i.WriteDate)
    __scatterload_copy                       0x08001139   Thumb Code    14  handlers.o(i.__scatterload_copy)
    __scatterload_null                       0x08001147   Thumb Code     2  handlers.o(i.__scatterload_null)
    __scatterload_zeroinit                   0x08001149   Thumb Code    14  handlers.o(i.__scatterload_zeroinit)
    delay_Tms                                0x08001157   Thumb Code    18  sys.o(i.delay_Tms)
    delay_Tns                                0x08001169   Thumb Code    16  sys.o(i.delay_Tns)
    delay_ms                                 0x08001179   Thumb Code    20  sys.o(i.delay_ms)
    main                                     0x0800118d   Thumb Code    46  main.o(i.main)
    pic_disp                                 0x080011bd   Thumb Code    60  sys.o(i.pic_disp)
    screen_backlight                         0x08001201   Thumb Code   190  lcd128.o(i.screen_backlight)
    screen_call                              0x080012d1   Thumb Code   146  lcd128.o(i.screen_call)
    screen_disable                           0x08001375   Thumb Code    26  lcd128.o(i.screen_disable)
    screen_down_rle_noint                    0x08001399   Thumb Code   170  lcd128.o(i.screen_down_rle_noint)
    screen_enable                            0x08001451   Thumb Code    26  lcd128.o(i.screen_enable)
    screen_init                              0x08001475   Thumb Code    24  lcd128.o(i.screen_init)
    screen_init_gpio                         0x0800148d   Thumb Code   104  lcd128.o(i.screen_init_gpio)
    screen_init_nvic                         0x08001501   Thumb Code    34  lcd128.o(i.screen_init_nvic)
    screen_init_rcc                          0x08001523   Thumb Code    36  lcd128.o(i.screen_init_rcc)
    screen_init_reset_noint                  0x08001549   Thumb Code   356  lcd128.o(i.screen_init_reset_noint)
    screen_init_spi                          0x080016c5   Thumb Code    58  lcd128.o(i.screen_init_spi)
    screen_key_ack                           0x08001709   Thumb Code   346  lcd128.o(i.screen_key_ack)
    screen_recall                            0x08001891   Thumb Code   160  lcd128.o(i.screen_recall)
    screen_save                              0x08001941   Thumb Code   146  lcd128.o(i.screen_save)
    screen_send_noint                        0x080019e5   Thumb Code   490  lcd128.o(i.screen_send_noint)
    screen_send_noint_slow                   0x08001bdd   Thumb Code   522  lcd128.o(i.screen_send_noint_slow)
    screen_spi_getdata                       0x08001df5   Thumb Code    12  lcd128.o(i.screen_spi_getdata)
    screen_spi_isp                           0x08001e05   Thumb Code   348  lcd128.o(i.screen_spi_isp)
    screen_spi_send                          0x08001f79   Thumb Code    24  lcd128.o(i.screen_spi_send)
    screen_uart_down_isp                     0x08001f95   Thumb Code   156  screen_uart.o(i.screen_uart_down_isp)
    screen_uart_init                         0x08002039   Thumb Code   256  screen_uart.o(i.screen_uart_init)
    screen_uart_send                         0x08002145   Thumb Code   250  screen_uart.o(i.screen_uart_send)
    screen_uart_up_isp                       0x08002249   Thumb Code   552  screen_uart.o(i.screen_uart_up_isp)
    screen_update_rle                        0x08002495   Thumb Code   176  lcd128.o(i.screen_update_rle)
    screen_update_rle_l_noint                0x08002551   Thumb Code   188  lcd128.o(i.screen_update_rle_l_noint)
    sys_main                                 0x08002619   Thumb Code  1500  sys.o(i.sys_main)
    loading                                  0x08002c18   Data         758  loading.o(.constdata)
    whitepic                                 0x08002f0e   Data         522  whitepic.o(.constdata)
    Region$$Table$$Base                      0x08003118   Number         0  anon$$obj.o(Region$$Table)
    Region$$Table$$Limit                     0x08003138   Number         0  anon$$obj.o(Region$$Table)
    page                                     0x20000000   Data           4  usart_flash.o(.data)
    page1                                    0x20000004   Data           4  usart_flash.o(.data)
    HSEStartUpStatus                         0x20000008   Data           1  usart_flash.o(.data)
    RxData                                   0x20000009   Data           1  usart_flash.o(.data)
    TxData                                   0x2000000a   Data           1  usart_flash.o(.data)
    NewAddress2                              0x2000000c   Data           6  usart_flash.o(.data)
    table1                                   0x20000012   Data           6  usart_flash.o(.data)
    NewAddress1                              0x20000018   Data           6  usart_flash.o(.data)
    table4                                   0x2000001e   Data           6  usart_flash.o(.data)
    nowaddress                               0x20000024   Data           3  usart_flash.o(.data)
    screen_port_ss                           0x2000003c   Data          36  lcd128.o(.data)
    screen_pin_ss                            0x20000060   Data          18  lcd128.o(.data)
    screen_pcmd                              0x20000074   Data           4  lcd128.o(.data)
    flag_pass_once                           0x20000078   Data           1  lcd128.o(.data)
    flag_high_speed                          0x20000079   Data           1  lcd128.o(.data)
    key_value                                0x2000007a   Data           1  lcd128.o(.data)
    key_flag                                 0x2000007b   Data           1  lcd128.o(.data)
    key_prestat                              0x2000007c   Data           6  lcd128.o(.data)
    key_prestat2                             0x20000082   Data           6  lcd128.o(.data)
    key_value2                               0x20000088   Data           1  lcd128.o(.data)
    key_flag2                                0x20000089   Data           1  lcd128.o(.data)
    flag                                     0x2000008a   Data           1  lcd128.o(.data)
    screen_init_stat                         0x2000008b   Data           6  lcd128.o(.data)
    screen_data                              0x20000091   Data           2  lcd128.o(.data)
    screen_uart_var                          0x20000094   Data        8024  screen_uart.o(.data)
    flag_cmd                                 0x20001fec   Data           1  screen_uart.o(.data)
    cmd_data                                 0x20001fed   Data           4  screen_uart.o(.data)
    stat                                     0x20001ff1   Data           1  screen_uart.o(.data)
    counter                                  0x20001ff4   Data           4  screen_uart.o(.data)
    err_cnt1                                 0x20001ff8   Data           4  screen_uart.o(.data)
    err_cnt2                                 0x20001ffc   Data           4  screen_uart.o(.data)
    u_counter                                0x20002000   Data           4  screen_uart.o(.data)
    uart_pic_length                          0x20002004   Data           2  screen_uart.o(.data)
    key_id                                   0x20002008   Data           6  sys.o(.data)
    key_picid                                0x2000200e   Data           6  sys.o(.data)
    ini_num                                  0x20002014   Data           1  sys.o(.data)
    flag_down                                0x20002015   Data           1  sys.o(.data)
    screen_cmd_data                          0x20006018   Data          36  lcd128.o(.bss)
    data_buff                                0x2000603c   Data          10  lcd128.o(.bss)
    key_dly                                  0x20006046   Data          12  lcd128.o(.bss)
    flash_pic                                0x20006052   Data        8192  lcd128.o(.bss)
    screen_head                              0x20008052   Data          20  lcd128.o(.bss)
    screen_tailer                            0x20008066   Data          10  lcd128.o(.bss)
    file_data                                0x20008084   Data        8192  screen_uart.o(.bss)
    __initial_sp                             0x2000a498   Data           0  startup_stm32f10x_xl.o(STACK)



==============================================================================

Memory Map of the image

  Image Entry point : 0x08000131

  Load Region LR_IROM1 (Base: 0x08000000, Size: 0x00005150, Max: 0x00040000, ABSOLUTE, COMPRESSED[0x000031b8])

    Execution Region ER_IROM1 (Base: 0x08000000, Size: 0x00003138, Max: 0x00040000, ABSOLUTE)

    Base Addr    Size         Type   Attr      Idx    E Section Name        Object

    0x08000000   0x00000130   Data   RO         1967    RESET               startup_stm32f10x_xl.o
    0x08000130   0x00000000   Code   RO         2410  * .ARM.Collect$$$$00000000  mc_w.l(entry.o)
    0x08000130   0x00000004   Code   RO         2413    .ARM.Collect$$$$00000001  mc_w.l(entry2.o)
    0x08000134   0x00000004   Code   RO         2416    .ARM.Collect$$$$00000004  mc_w.l(entry5.o)
    0x08000138   0x00000000   Code   RO         2418    .ARM.Collect$$$$00000008  mc_w.l(entry7b.o)
    0x08000138   0x00000000   Code   RO         2420    .ARM.Collect$$$$0000000A  mc_w.l(entry8b.o)
    0x08000138   0x00000008   Code   RO         2421    .ARM.Collect$$$$0000000B  mc_w.l(entry9a.o)
    0x08000140   0x00000000   Code   RO         2423    .ARM.Collect$$$$0000000D  mc_w.l(entry10a.o)
    0x08000140   0x00000000   Code   RO         2425    .ARM.Collect$$$$0000000F  mc_w.l(entry11a.o)
    0x08000140   0x00000004   Code   RO         2414    .ARM.Collect$$$$00002712  mc_w.l(entry2.o)
    0x08000144   0x00000024   Code   RO         1968    .text               startup_stm32f10x_xl.o
    0x08000168   0x00000024   Code   RO         2427    .text               mc_w.l(init.o)
    0x0800018c   0x0000005c   Code   RO         2437    .text               mc_w.l(__dczerorl2.o)
    0x080001e8   0x00000004   Code   RO         2322    i.BusFault_Handler  stm32f10x_it.o
    0x080001ec   0x00000002   Code   RO         2323    i.DebugMon_Handler  stm32f10x_it.o
    0x080001ee   0x00000002   PAD
    0x080001f0   0x0000001c   Code   RO         1604    i.FLASH_PrefetchBufferCmd  stm32f10x_flash.o
    0x0800020c   0x00000018   Code   RO         1609    i.FLASH_SetLatency  stm32f10x_flash.o
    0x08000224   0x0000005c   Code   RO          824    i.FSMC_NANDCmd      stm32f10x_fsmc.o
    0x08000280   0x0000008c   Code   RO          827    i.FSMC_NANDInit     stm32f10x_fsmc.o
    0x0800030c   0x00000112   Code   RO          461    i.GPIO_Init         stm32f10x_gpio.o
    0x0800041e   0x00000012   Code   RO          465    i.GPIO_ReadInputDataBit  stm32f10x_gpio.o
    0x08000430   0x00000004   Code   RO          468    i.GPIO_ResetBits    stm32f10x_gpio.o
    0x08000434   0x00000004   Code   RO          469    i.GPIO_SetBits      stm32f10x_gpio.o
    0x08000438   0x00000038   Code   RO           97    i.GetAddress        usart_flash.o
    0x08000470   0x00000004   Code   RO         2324    i.HardFault_Handler  stm32f10x_it.o
    0x08000474   0x00000004   Code   RO         2325    i.MemManage_Handler  stm32f10x_it.o
    0x08000478   0x00000038   Code   RO          153    i.NAND_AddressIncrement  fsmc_nand1.o
    0x080004b0   0x00000060   Code   RO          154    i.NAND_EraseBlock   fsmc_nand1.o
    0x08000510   0x0000002a   Code   RO          155    i.NAND_GetStatus    fsmc_nand1.o
    0x0800053a   0x00000002   PAD
    0x0800053c   0x000000b4   Code   RO          156    i.NAND_Init         fsmc_nand1.o
    0x080005f0   0x000000a8   Code   RO          158    i.NAND_ReadSmallPage  fsmc_nand1.o
    0x08000698   0x0000002c   Code   RO          160    i.NAND_ReadStatus   fsmc_nand1.o
    0x080006c4   0x000000bc   Code   RO          162    i.NAND_WriteSmallPage  fsmc_nand1.o
    0x08000780   0x00000002   Code   RO         2326    i.NMI_Handler       stm32f10x_it.o
    0x08000782   0x00000002   PAD
    0x08000784   0x00000074   Code   RO          575    i.NVIC_Init         misc.o
    0x080007f8   0x00000014   Code   RO          576    i.NVIC_PriorityGroupConfig  misc.o
    0x0800080c   0x00000014   Code   RO          577    i.NVIC_SetVectorTable  misc.o
    0x08000820   0x00000002   Code   RO         2327    i.PendSV_Handler    stm32f10x_it.o
    0x08000822   0x00000002   PAD
    0x08000824   0x00000020   Code   RO          229    i.RCC_AHBPeriphClockCmd  stm32f10x_rcc.o
    0x08000844   0x00000020   Code   RO          230    i.RCC_APB1PeriphClockCmd  stm32f10x_rcc.o
    0x08000864   0x00000020   Code   RO          232    i.RCC_APB2PeriphClockCmd  stm32f10x_rcc.o
    0x08000884   0x0000004c   Code   RO          239    i.RCC_DeInit        stm32f10x_rcc.o
    0x080008d0   0x000000d4   Code   RO          240    i.RCC_GetClocksFreq  stm32f10x_rcc.o
    0x080009a4   0x0000003c   Code   RO          241    i.RCC_GetFlagStatus  stm32f10x_rcc.o
    0x080009e0   0x00000010   Code   RO          243    i.RCC_GetSYSCLKSource  stm32f10x_rcc.o
    0x080009f0   0x00000018   Code   RO          244    i.RCC_HCLKConfig    stm32f10x_rcc.o
    0x08000a08   0x0000004c   Code   RO          245    i.RCC_HSEConfig     stm32f10x_rcc.o
    0x08000a54   0x00000018   Code   RO          251    i.RCC_PCLK1Config   stm32f10x_rcc.o
    0x08000a6c   0x00000018   Code   RO          252    i.RCC_PCLK2Config   stm32f10x_rcc.o
    0x08000a84   0x0000000c   Code   RO          253    i.RCC_PLLCmd        stm32f10x_rcc.o
    0x08000a90   0x0000001c   Code   RO          254    i.RCC_PLLConfig     stm32f10x_rcc.o
    0x08000aac   0x00000018   Code   RO          257    i.RCC_SYSCLKConfig  stm32f10x_rcc.o
    0x08000ac4   0x00000038   Code   RO          259    i.RCC_WaitForHSEStartUp  stm32f10x_rcc.o
    0x08000afc   0x00000064   Code   RO           98    i.ReadDate          usart_flash.o
    0x08000b60   0x00000008   Code   RO         2328    i.SPI2_IRQHandler   stm32f10x_it.o
    0x08000b68   0x00000018   Code   RO          676    i.SPI_Cmd           stm32f10x_spi.o
    0x08000b80   0x00000012   Code   RO          684    i.SPI_I2S_GetFlagStatus  stm32f10x_spi.o
    0x08000b92   0x00000020   Code   RO          686    i.SPI_I2S_ITConfig  stm32f10x_spi.o
    0x08000bb2   0x00000006   Code   RO          687    i.SPI_I2S_ReceiveData  stm32f10x_spi.o
    0x08000bb8   0x00000004   Code   RO          688    i.SPI_I2S_SendData  stm32f10x_spi.o
    0x08000bbc   0x0000003c   Code   RO          689    i.SPI_Init          stm32f10x_spi.o
    0x08000bf8   0x00000002   Code   RO         2329    i.SVC_Handler       stm32f10x_it.o
    0x08000bfa   0x00000008   Code   RO         1807    i.SetSysClock       system_stm32f10x.o
    0x08000c02   0x00000002   PAD
    0x08000c04   0x000000dc   Code   RO         1808    i.SetSysClockTo72   system_stm32f10x.o
    0x08000ce0   0x00000002   Code   RO         2330    i.SysTick_Handler   stm32f10x_it.o
    0x08000ce2   0x00000002   PAD
    0x08000ce4   0x00000054   Code   RO         1810    i.SystemInit        system_stm32f10x.o
    0x08000d38   0x00000008   Code   RO         2331    i.USART1_IRQHandler  stm32f10x_it.o
    0x08000d40   0x00000008   Code   RO         2332    i.USART2_IRQHandler  stm32f10x_it.o
    0x08000d48   0x00000012   Code   RO          941    i.USART_ClearFlag   stm32f10x_usart.o
    0x08000d5a   0x00000018   Code   RO          945    i.USART_Cmd         stm32f10x_usart.o
    0x08000d72   0x0000001a   Code   RO          948    i.USART_GetFlagStatus  stm32f10x_usart.o
    0x08000d8c   0x00000054   Code   RO          949    i.USART_GetITStatus  stm32f10x_usart.o
    0x08000de0   0x0000004a   Code   RO          951    i.USART_ITConfig    stm32f10x_usart.o
    0x08000e2a   0x00000002   PAD
    0x08000e2c   0x000000d8   Code   RO          952    i.USART_Init        stm32f10x_usart.o
    0x08000f04   0x0000000a   Code   RO          959    i.USART_ReceiveData  stm32f10x_usart.o
    0x08000f0e   0x00000008   Code   RO          962    i.USART_SendData    stm32f10x_usart.o
    0x08000f16   0x00000002   PAD
    0x08000f18   0x00000090   Code   RO           99    i.Uart_Configuration  usart_flash.o
    0x08000fa8   0x00000084   Code   RO          100    i.UpdateAddress     usart_flash.o
    0x0800102c   0x00000004   Code   RO         2333    i.UsageFault_Handler  stm32f10x_it.o
    0x08001030   0x00000108   Code   RO          101    i.WriteDate         usart_flash.o
    0x08001138   0x0000000e   Code   RO         2431    i.__scatterload_copy  mc_w.l(handlers.o)
    0x08001146   0x00000002   Code   RO         2432    i.__scatterload_null  mc_w.l(handlers.o)
    0x08001148   0x0000000e   Code   RO         2433    i.__scatterload_zeroinit  mc_w.l(handlers.o)
    0x08001156   0x00000012   Code   RO         2268    i.delay_Tms         sys.o
    0x08001168   0x00000010   Code   RO         2269    i.delay_Tns         sys.o
    0x08001178   0x00000014   Code   RO         2270    i.delay_ms          sys.o
    0x0800118c   0x0000002e   Code   RO            2    i.main              main.o
    0x080011ba   0x00000002   PAD
    0x080011bc   0x00000044   Code   RO         2271    i.pic_disp          sys.o
    0x08001200   0x000000d0   Code   RO         2000    i.screen_backlight  lcd128.o
    0x080012d0   0x000000a4   Code   RO         2001    i.screen_call       lcd128.o
    0x08001374   0x00000024   Code   RO         2002    i.screen_disable    lcd128.o
    0x08001398   0x000000b8   Code   RO         2005    i.screen_down_rle_noint  lcd128.o
    0x08001450   0x00000024   Code   RO         2006    i.screen_enable     lcd128.o
    0x08001474   0x00000018   Code   RO         2008    i.screen_init       lcd128.o
    0x0800148c   0x00000074   Code   RO         2009    i.screen_init_gpio  lcd128.o
    0x08001500   0x00000022   Code   RO         2010    i.screen_init_nvic  lcd128.o
    0x08001522   0x00000024   Code   RO         2011    i.screen_init_rcc   lcd128.o
    0x08001546   0x00000002   PAD
    0x08001548   0x0000017c   Code   RO         2013    i.screen_init_reset_noint  lcd128.o
    0x080016c4   0x00000044   Code   RO         2014    i.screen_init_spi   lcd128.o
    0x08001708   0x00000188   Code   RO         2015    i.screen_key_ack    lcd128.o
    0x08001890   0x000000b0   Code   RO         2016    i.screen_recall     lcd128.o
    0x08001940   0x000000a4   Code   RO         2018    i.screen_save       lcd128.o
    0x080019e4   0x000001f8   Code   RO         2019    i.screen_send_noint  lcd128.o
    0x08001bdc   0x00000218   Code   RO         2020    i.screen_send_noint_slow  lcd128.o
    0x08001df4   0x00000010   Code   RO         2021    i.screen_spi_getdata  lcd128.o
    0x08001e04   0x00000174   Code   RO         2022    i.screen_spi_isp    lcd128.o
    0x08001f78   0x0000001c   Code   RO         2023    i.screen_spi_send   lcd128.o
    0x08001f94   0x000000a4   Code   RO         2228    i.screen_uart_down_isp  screen_uart.o
    0x08002038   0x0000010c   Code   RO         2229    i.screen_uart_init  screen_uart.o
    0x08002144   0x00000104   Code   RO         2230    i.screen_uart_send  screen_uart.o
    0x08002248   0x0000024c   Code   RO         2231    i.screen_uart_up_isp  screen_uart.o
    0x08002494   0x000000bc   Code   RO         2026    i.screen_update_rle  lcd128.o
    0x08002550   0x000000c8   Code   RO         2029    i.screen_update_rle_l_noint  lcd128.o
    0x08002618   0x00000600   Code   RO         2272    i.sys_main          sys.o
    0x08002c18   0x000002f6   Data   RO         2194    .constdata          loading.o
    0x08002f0e   0x0000020a   Data   RO         2403    .constdata          whitepic.o
    0x08003118   0x00000020   Data   RO         2429    Region$$Table       anon$$obj.o


    Execution Region RW_IRAM1 (Base: 0x20000000, Size: 0x0000a498, Max: 0x0000c000, ABSOLUTE, COMPRESSED[0x00000080])

    Base Addr    Size         Type   Attr      Idx    E Section Name        Object

    0x20000000   0x00000027   Data   RW          103    .data               usart_flash.o
    0x20000027   0x00000014   Data   RW          260    .data               stm32f10x_rcc.o
    0x2000003b   0x00000001   PAD
    0x2000003c   0x00000057   Data   RW         2032    .data               lcd128.o
    0x20000093   0x00000001   PAD
    0x20000094   0x00001f72   Data   RW         2233    .data               screen_uart.o
    0x20002006   0x00000010   Data   RW         2274    .data               sys.o
    0x20002016   0x00000002   PAD
    0x20002018   0x00004000   Zero   RW          102    .bss                usart_flash.o
    0x20006018   0x0000206a   Zero   RW         2030    .bss                lcd128.o
    0x20008082   0x00000002   PAD
    0x20008084   0x00002010   Zero   RW         2232    .bss                screen_uart.o
    0x2000a094   0x00000004   PAD
    0x2000a098   0x00000400   Zero   RW         1965    STACK               startup_stm32f10x_xl.o


==============================================================================

Image component sizes


      Code (inc. data)   RO Data    RW Data    ZI Data      Debug   Object Name

         0          0          0          0          0         32   core_cm3.o
       774         54          0          0          0       6420   fsmc_nand1.o
      3862        280          0         87       8298      14419   lcd128.o
         0          0        758          0          0        346   loading.o
        46          0          0          0          0     240707   main.o
       156         32          0          0          0       4001   misc.o
      1280         74          0       8050       8208       3977   screen_uart.o
        36          8        304          0       1024        880   startup_stm32f10x_xl.o
        52         12          0          0          0       1129   stm32f10x_flash.o
       232         18          0          0          0       9955   stm32f10x_fsmc.o
       300          0          0          0          0      20852   stm32f10x_gpio.o
        50          0          0          0          0       4776   stm32f10x_it.o
       728         98          0         20          0      20274   stm32f10x_rcc.o
       144          0          0          0          0      11745   stm32f10x_spi.o
       460          6          0          0          0      13071   stm32f10x_usart.o
      1658        108          0         16          0       3902   sys.o
       312         22          0          0          0       2141   system_stm32f10x.o
       696         32          0         39      16384     207386   usart_flash.o
         0          0        522          0          0        351   whitepic.o

    ----------------------------------------------------------------------
     10806        744       1616       8216      33920     566364   Object Totals
         0          0         32          0          0          0   (incl. Generated)
        20          0          0          4          6          0   (incl. Padding)

    ----------------------------------------------------------------------

      Code (inc. data)   RO Data    RW Data    ZI Data      Debug   Library Member Name

        92          0          0          0          0          0   __dczerorl2.o
         0          0          0          0          0          0   entry.o
         0          0          0          0          0          0   entry10a.o
         0          0          0          0          0          0   entry11a.o
         8          4          0          0          0          0   entry2.o
         4          0          0          0          0          0   entry5.o
         0          0          0          0          0          0   entry7b.o
         0          0          0          0          0          0   entry8b.o
         8          4          0          0          0          0   entry9a.o
        30          0          0          0          0          0   handlers.o
        36          8          0          0          0         68   init.o

    ----------------------------------------------------------------------
       178         16          0          0          0         68   Library Totals
         0          0          0          0          0          0   (incl. Padding)

    ----------------------------------------------------------------------

      Code (inc. data)   RO Data    RW Data    ZI Data      Debug   Library Name

       178         16          0          0          0         68   mc_w.l

    ----------------------------------------------------------------------
       178         16          0          0          0         68   Library Totals

    ----------------------------------------------------------------------

==============================================================================


      Code (inc. data)   RO Data    RW Data    ZI Data      Debug   

     10984        760       1616       8216      33920     561544   Grand Totals
     10984        760       1616        128      33920     561544   ELF Image Totals (compressed)
     10984        760       1616        128          0          0   ROM Totals

==============================================================================

    Total RO  Size (Code + RO Data)                12600 (  12.30kB)
    Total RW  Size (RW Data + ZI Data)             42136 (  41.15kB)
    Total ROM Size (Code + RO Data + RW Data)      12728 (  12.43kB)

==============================================================================

